Nov 23 00:00:03 acctonNPU01 rsyslogd: [origin software="rsyslogd" swVersion="8.2001.0" x-pid="1167" x-info="https://www.rsyslog.com"] rsyslogd was HUPed
Nov 23 00:00:03 acctonNPU01 systemd[1]: logrotate.service: Succeeded.
Nov 23 00:00:03 acctonNPU01 systemd[1]: Finished Rotate log files.
Nov 23 00:00:03 acctonNPU01 systemd[1]: man-db.service: Succeeded.
Nov 23 00:00:03 acctonNPU01 systemd[1]: Finished Daily man-db regeneration.
Nov 23 00:17:01 acctonNPU01 CRON[1673]: (root) CMD (   cd / && run-parts --report /etc/cron.hourly)
Nov 23 00:36:32 acctonNPU01 systemd[1]: Starting Message of the Day...
Nov 23 00:36:33 acctonNPU01 50-motd-news[1705]:  * Strictly confined Kubernetes makes edge and IoT secure. Learn how MicroK8s
Nov 23 00:36:33 acctonNPU01 50-motd-news[1705]:    just raised the bar for easy, resilient and secure K8s cluster deployment.
Nov 23 00:36:33 acctonNPU01 50-motd-news[1705]:    https://ubuntu.com/engage/secure-kubernetes-at-the-edge
Nov 23 00:36:33 acctonNPU01 systemd[1]: motd-news.service: Succeeded.
Nov 23 00:36:33 acctonNPU01 systemd[1]: Finished Message of the Day.
Nov 23 01:17:01 acctonNPU01 CRON[1718]: (root) CMD (   cd / && run-parts --report /etc/cron.hourly)
Nov 23 01:21:39 acctonNPU01 snapd[1176]: storehelpers.go:773: cannot refresh: snap has no updates available: "core20", "lxd", "snapd"
Nov 23 01:34:38 acctonNPU01 systemd[1]: Created slice User Slice of UID 1000.
Nov 23 01:34:38 acctonNPU01 systemd[1]: Starting User Runtime Directory /run/user/1000...
Nov 23 01:34:38 acctonNPU01 systemd[1]: Finished User Runtime Directory /run/user/1000.
Nov 23 01:34:38 acctonNPU01 systemd[1]: Starting User Manager for UID 1000...
Nov 23 01:34:38 acctonNPU01 systemd[1726]: Reached target Paths.
Nov 23 01:34:38 acctonNPU01 systemd[1726]: Reached target Timers.
Nov 23 01:34:38 acctonNPU01 systemd[1726]: Starting D-Bus User Message Bus Socket.
Nov 23 01:34:38 acctonNPU01 systemd[1726]: Listening on GnuPG network certificate management daemon.
Nov 23 01:34:38 acctonNPU01 systemd[1726]: Listening on GnuPG cryptographic agent and passphrase cache (access for web browsers).
Nov 23 01:34:38 acctonNPU01 systemd[1726]: Listening on GnuPG cryptographic agent and passphrase cache (restricted).
Nov 23 01:34:38 acctonNPU01 systemd[1726]: Listening on GnuPG cryptographic agent (ssh-agent emulation).
Nov 23 01:34:38 acctonNPU01 systemd[1726]: Listening on GnuPG cryptographic agent and passphrase cache.
Nov 23 01:34:38 acctonNPU01 systemd[1726]: Listening on debconf communication socket.
Nov 23 01:34:38 acctonNPU01 systemd[1726]: Listening on REST API socket for snapd user session agent.
Nov 23 01:34:38 acctonNPU01 systemd[1726]: Listening on D-Bus User Message Bus Socket.
Nov 23 01:34:38 acctonNPU01 systemd[1726]: Reached target Sockets.
Nov 23 01:34:38 acctonNPU01 systemd[1726]: Reached target Basic System.
Nov 23 01:34:38 acctonNPU01 systemd[1726]: Reached target Main User Target.
Nov 23 01:34:38 acctonNPU01 systemd[1726]: Startup finished in 106ms.
Nov 23 01:34:38 acctonNPU01 systemd[1]: Started User Manager for UID 1000.
Nov 23 01:34:38 acctonNPU01 systemd[1]: Started Session 13 of user accton.
Nov 23 01:34:38 acctonNPU01 systemd[1]: Started Session 15 of user accton.
Nov 23 01:57:05 acctonNPU01 systemd[1]: Stopping Session 13 of user accton.
Nov 23 01:57:05 acctonNPU01 systemd[1]: Stopping Session 15 of user accton.
Nov 23 01:57:05 acctonNPU01 systemd[1]: Removed slice system-getty.slice.
Nov 23 01:57:05 acctonNPU01 systemd[1]: Removed slice system-modprobe.slice.
Nov 23 01:57:05 acctonNPU01 systemd[1]: Stopped target Cloud-init target.
Nov 23 01:57:05 acctonNPU01 systemd[1]: Stopped target Login Prompts (Pre).
Nov 23 01:57:05 acctonNPU01 systemd[1]: Stopped target Graphical Interface.
Nov 23 01:57:05 acctonNPU01 systemd[1]: Stopped target Host and Network Name Lookups.
Nov 23 01:57:05 acctonNPU01 systemd[1]: Stopped target Timers.
Nov 23 01:57:05 acctonNPU01 systemd[1]: apt-daily-upgrade.timer: Succeeded.
Nov 23 01:57:05 acctonNPU01 systemd[1]: Stopped Daily apt upgrade and clean activities.
Nov 23 01:57:05 acctonNPU01 systemd[1]: apt-daily.timer: Succeeded.
Nov 23 01:57:05 acctonNPU01 systemd[1]: Stopped Daily apt download activities.
Nov 23 01:57:05 acctonNPU01 systemd[1]: e2scrub_all.timer: Succeeded.
Nov 23 01:57:05 acctonNPU01 systemd[1]: Stopped Periodic ext4 Online Metadata Check for All Filesystems.
Nov 23 01:57:05 acctonNPU01 systemd[1]: fstrim.timer: Succeeded.
Nov 23 01:57:05 acctonNPU01 systemd[1]: Stopped Discard unused blocks once a week.
Nov 23 01:57:05 acctonNPU01 systemd[1]: fwupd-refresh.timer: Succeeded.
Nov 23 01:57:05 acctonNPU01 systemd[1]: Stopped Refresh fwupd metadata regularly.
Nov 23 01:57:05 acctonNPU01 systemd[1]: logrotate.timer: Succeeded.
Nov 23 01:57:05 acctonNPU01 systemd[1]: Stopped Daily rotation of log files.
Nov 23 01:57:05 acctonNPU01 systemd[1]: man-db.timer: Succeeded.
Nov 23 01:57:05 acctonNPU01 systemd[1]: Stopped Daily man-db regeneration.
Nov 23 01:57:05 acctonNPU01 systemd[1]: motd-news.timer: Succeeded.
Nov 23 01:57:05 acctonNPU01 systemd[1]: Stopped Message of the Day.
Nov 23 01:57:06 acctonNPU01 systemd[1]: systemd-tmpfiles-clean.timer: Succeeded.
Nov 23 01:57:06 acctonNPU01 systemd[1]: Stopped Daily Cleanup of Temporary Directories.
Nov 23 01:57:06 acctonNPU01 systemd[1]: Stopped target System Time Synchronized.
Nov 23 01:57:06 acctonNPU01 systemd[1]: lvm2-lvmpolld.socket: Succeeded.
Nov 23 01:57:06 acctonNPU01 systemd[1]: Closed LVM2 poll daemon socket.
Nov 23 01:57:06 acctonNPU01 systemd[1]: systemd-rfkill.socket: Succeeded.
Nov 23 01:57:06 acctonNPU01 systemd[1]: Closed Load/Save RF Kill Switch Status /dev/rfkill Watch.
Nov 23 01:57:06 acctonNPU01 systemd[1]: Stopping Accounts Service...
Nov 23 01:57:06 acctonNPU01 systemd[1]: Stopping Availability of block devices...
Nov 23 01:57:06 acctonNPU01 systemd[1]: cloud-final.service: Succeeded.
Nov 23 01:57:06 acctonNPU01 systemd[1]: Stopped Execute cloud user/final scripts.
Nov 23 01:57:06 acctonNPU01 systemd[1]: Stopped target Multi-User System.
Nov 23 01:57:06 acctonNPU01 systemd[1]: Stopped target Login Prompts.
Nov 23 01:57:06 acctonNPU01 systemd[1]: Stopping Modem Manager...
Nov 23 01:57:06 acctonNPU01 ModemManager[1208]: <info>  caught signal, shutting down...
Nov 23 01:57:06 acctonNPU01 systemd[1]: Stopping LSB: automatic crash report generation...
Nov 23 01:57:06 acctonNPU01 ModemManager[1208]: <info>  ModemManager is shut down
Nov 23 01:57:06 acctonNPU01 systemd[1]: Stopping Deferred execution scheduler...
Nov 23 01:57:06 acctonNPU01 systemd[1]: cloud-config.service: Succeeded.
Nov 23 01:57:06 acctonNPU01 systemd[1]: Stopped Apply the settings specified in cloud-config.
Nov 23 01:57:06 acctonNPU01 systemd[1]: Stopped target Cloud-config availability.
Nov 23 01:57:06 acctonNPU01 systemd[1]: Stopped target Network is Online.
Nov 23 01:57:06 acctonNPU01 systemd[1]: Stopping Regular background program processing daemon...
Nov 23 01:57:06 acctonNPU01 systemd[1]: Stopping Create final runtime dir for shutdown pivot root...
Nov 23 01:57:06 acctonNPU01 systemd[1]: Stopping irqbalance daemon...
Nov 23 01:57:06 acctonNPU01 systemd[1]: Stopping LVM event activation on device 179:3...
Nov 23 01:57:06 acctonNPU01 systemd[1]: Stopping LVM event activation on device 8:3...
Nov 23 01:57:06 acctonNPU01 systemd[1]: Stopping Dispatcher daemon for systemd-networkd...
Nov 23 01:57:06 acctonNPU01 systemd[1]: Stopping privileged operations for unprivileged applications...
Nov 23 01:57:06 acctonNPU01 systemd[1]: Condition check resulted in Show Plymouth Reboot Screen being skipped.
Nov 23 01:57:06 acctonNPU01 systemd[1]: qemu-kvm.service: Succeeded.
Nov 23 01:57:06 acctonNPU01 systemd[1]: Stopped QEMU KVM preparation - module, ksm, hugepages.
Nov 23 02:03:11 acctonNPU01 systemd-modules-load[539]: Inserted module 'msr'
Nov 23 02:03:11 acctonNPU01 systemd-sysctl[553]: Not setting net/ipv4/conf/all/promote_secondaries (explicit setting exists).
Nov 23 02:03:11 acctonNPU01 systemd-sysctl[553]: Not setting net/ipv4/conf/default/promote_secondaries (explicit setting exists).
Nov 23 02:03:11 acctonNPU01 systemd-sysctl[553]: Couldn't write '100000' to 'kernel/sched_min_granularity_ns', ignoring: No such file or directory
Nov 23 02:03:11 acctonNPU01 systemd-sysctl[553]: Couldn't write '20000' to 'kernel/sched_wakeup_granularity_ns', ignoring: No such file or directory
Nov 23 02:03:11 acctonNPU01 lvm[531]:   1 logical volume(s) in volume group "ubuntu-vg" monitored
Nov 23 02:03:11 acctonNPU01 lvm[531]:   1 logical volume(s) in volume group "ubuntu-vg-1" monitored
Nov 23 02:03:11 acctonNPU01 systemd-sysctl[553]: Couldn't write '500000' to 'kernel/sched_latency_ns', ignoring: No such file or directory
Nov 23 02:03:11 acctonNPU01 systemd[1]: Starting Flush Journal to Persistent Storage...
Nov 23 02:03:11 acctonNPU01 systemd[1]: Finished Flush Journal to Persistent Storage.
Nov 23 02:03:11 acctonNPU01 systemd-udevd[578]: Using default interface naming scheme 'v245'.
Nov 23 02:03:11 acctonNPU01 systemd-udevd[583]: Using default interface naming scheme 'v245'.
Nov 23 02:03:11 acctonNPU01 systemd-udevd[583]: ethtool: autonegotiation is unset or enabled, the speed and duplex are not writable.
Nov 23 02:03:11 acctonNPU01 systemd-udevd[581]: Using default interface naming scheme 'v245'.
Nov 23 02:03:11 acctonNPU01 systemd-udevd[577]: Using default interface naming scheme 'v245'.
Nov 23 02:03:11 acctonNPU01 systemd-udevd[578]: ethtool: autonegotiation is unset or enabled, the speed and duplex are not writable.
Nov 23 02:03:11 acctonNPU01 systemd-udevd[581]: ethtool: autonegotiation is unset or enabled, the speed and duplex are not writable.
Nov 23 02:03:11 acctonNPU01 systemd-udevd[574]: Using default interface naming scheme 'v245'.
Nov 23 02:03:11 acctonNPU01 systemd-udevd[574]: ethtool: autonegotiation is unset or enabled, the speed and duplex are not writable.
Nov 23 02:03:11 acctonNPU01 systemd-udevd[569]: Using default interface naming scheme 'v245'.
Nov 23 02:03:11 acctonNPU01 systemd-udevd[577]: ethtool: autonegotiation is unset or enabled, the speed and duplex are not writable.
Nov 23 02:03:11 acctonNPU01 systemd-udevd[569]: ethtool: autonegotiation is unset or enabled, the speed and duplex are not writable.
Nov 23 02:03:11 acctonNPU01 systemd-udevd[584]: Using default interface naming scheme 'v245'.
Nov 23 02:03:11 acctonNPU01 systemd-udevd[584]: ethtool: autonegotiation is unset or enabled, the speed and duplex are not writable.
Nov 23 02:03:11 acctonNPU01 systemd-udevd[580]: Using default interface naming scheme 'v245'.
Nov 23 02:03:11 acctonNPU01 systemd-udevd[580]: ethtool: autonegotiation is unset or enabled, the speed and duplex are not writable.
Nov 23 02:03:11 acctonNPU01 systemd-udevd[570]: Using default interface naming scheme 'v245'.
Nov 23 02:03:11 acctonNPU01 systemd-udevd[570]: ethtool: autonegotiation is unset or enabled, the speed and duplex are not writable.
Nov 23 02:03:11 acctonNPU01 systemd-udevd[570]: Could not set AlternativeName= or apply AlternativeNamesPolicy= on eno1: File exists
Nov 23 02:03:11 acctonNPU01 systemd-udevd[570]: eno1: Could not apply link config, ignoring: File exists
Nov 23 02:03:11 acctonNPU01 systemd[1]: proc-sys-fs-binfmt_misc.automount: Got automount request for /proc/sys/fs/binfmt_misc, triggered by 618 (snap)
Nov 23 02:03:11 acctonNPU01 systemd[1]: Mounting Arbitrary Executable File Formats File System...
Nov 23 02:03:11 acctonNPU01 systemd[1]: Mounted Arbitrary Executable File Formats File System.
Nov 23 02:03:11 acctonNPU01 systemd[1]: proc-sys-fs-binfmt_misc.automount: Got automount request for /proc/sys/fs/binfmt_misc, triggered by 678 (snap)
Nov 23 02:03:11 acctonNPU01 systemd[1]: proc-sys-fs-binfmt_misc.automount: Automount point already active?
Nov 23 02:03:11 acctonNPU01 systemd[1]: proc-sys-fs-binfmt_misc.automount: Got automount request for /proc/sys/fs/binfmt_misc, triggered by 618 (snap)
Nov 23 02:03:11 acctonNPU01 systemd[1]: proc-sys-fs-binfmt_misc.automount: Automount point already active?
Nov 23 02:03:11 acctonNPU01 systemd[1]: proc-sys-fs-binfmt_misc.automount: Got automount request for /proc/sys/fs/binfmt_misc, triggered by 618 (snap)
Nov 23 02:03:11 acctonNPU01 systemd[1]: proc-sys-fs-binfmt_misc.automount: Automount point already active?
Nov 23 02:03:11 acctonNPU01 systemd[1]: proc-sys-fs-binfmt_misc.automount: Got automount request for /proc/sys/fs/binfmt_misc, triggered by 678 (snap)
Nov 23 02:03:11 acctonNPU01 systemd[1]: proc-sys-fs-binfmt_misc.automount: Automount point already active?
Nov 23 02:03:11 acctonNPU01 systemd[1]: proc-sys-fs-binfmt_misc.automount: Got automount request for /proc/sys/fs/binfmt_misc, triggered by 618 (snap)
Nov 23 02:03:11 acctonNPU01 systemd[1]: proc-sys-fs-binfmt_misc.automount: Automount point already active?
Nov 23 02:03:11 acctonNPU01 systemd[1]: proc-sys-fs-binfmt_misc.automount: Got automount request for /proc/sys/fs/binfmt_misc, triggered by 678 (snap)
Nov 23 02:03:11 acctonNPU01 systemd[1]: proc-sys-fs-binfmt_misc.automount: Automount point already active?
Nov 23 02:03:11 acctonNPU01 systemd[1]: proc-sys-fs-binfmt_misc.automount: Got automount request for /proc/sys/fs/binfmt_misc, triggered by 618 (snap)
Nov 23 02:03:11 acctonNPU01 systemd[1]: proc-sys-fs-binfmt_misc.automount: Automount point already active?
Nov 23 02:03:11 acctonNPU01 systemd[1]: proc-sys-fs-binfmt_misc.automount: Got automount request for /proc/sys/fs/binfmt_misc, triggered by 678 (snap)
Nov 23 02:03:11 acctonNPU01 systemd[1]: proc-sys-fs-binfmt_misc.automount: Automount point already active?
Nov 23 02:03:11 acctonNPU01 systemd[1]: proc-sys-fs-binfmt_misc.automount: Got automount request for /proc/sys/fs/binfmt_misc, triggered by 618 (snap)
Nov 23 02:03:11 acctonNPU01 systemd[1]: proc-sys-fs-binfmt_misc.automount: Automount point already active?
Nov 23 02:03:11 acctonNPU01 systemd[1]: proc-sys-fs-binfmt_misc.automount: Got automount request for /proc/sys/fs/binfmt_misc, triggered by 678 (snap)
Nov 23 02:03:11 acctonNPU01 systemd[1]: proc-sys-fs-binfmt_misc.automount: Automount point already active?
Nov 23 02:03:11 acctonNPU01 systemd[1]: proc-sys-fs-binfmt_misc.automount: Got automount request for /proc/sys/fs/binfmt_misc, triggered by 678 (snap)
Nov 23 02:03:11 acctonNPU01 systemd[1]: proc-sys-fs-binfmt_misc.automount: Automount point already active?
Nov 23 02:03:11 acctonNPU01 systemd[1]: proc-sys-fs-binfmt_misc.automount: Got automount request for /proc/sys/fs/binfmt_misc, triggered by 618 (snap)
Nov 23 02:03:11 acctonNPU01 systemd[1]: proc-sys-fs-binfmt_misc.automount: Automount point already active?
Nov 23 02:03:11 acctonNPU01 systemd[1]: proc-sys-fs-binfmt_misc.automount: Got automount request for /proc/sys/fs/binfmt_misc, triggered by 618 (snap)
Nov 23 02:03:11 acctonNPU01 systemd[1]: proc-sys-fs-binfmt_misc.automount: Automount point already active?
Nov 23 02:03:11 acctonNPU01 systemd[1]: proc-sys-fs-binfmt_misc.automount: Got automount request for /proc/sys/fs/binfmt_misc, triggered by 678 (snap)
Nov 23 02:03:11 acctonNPU01 systemd[1]: proc-sys-fs-binfmt_misc.automount: Automount point already active?
Nov 23 02:03:11 acctonNPU01 systemd[1]: proc-sys-fs-binfmt_misc.automount: Got automount request for /proc/sys/fs/binfmt_misc, triggered by 618 (snap)
Nov 23 02:03:11 acctonNPU01 systemd[1]: proc-sys-fs-binfmt_misc.automount: Automount point already active?
Nov 23 02:03:11 acctonNPU01 systemd[1]: proc-sys-fs-binfmt_misc.automount: Got automount request for /proc/sys/fs/binfmt_misc, triggered by 678 (snap)
Nov 23 02:03:11 acctonNPU01 systemd[1]: proc-sys-fs-binfmt_misc.automount: Automount point already active?
Nov 23 02:03:11 acctonNPU01 systemd[1]: proc-sys-fs-binfmt_misc.automount: Got automount request for /proc/sys/fs/binfmt_misc, triggered by 618 (snap)
Nov 23 02:03:11 acctonNPU01 systemd[1]: proc-sys-fs-binfmt_misc.automount: Automount point already active?
Nov 23 02:03:11 acctonNPU01 systemd[1]: proc-sys-fs-binfmt_misc.automount: Got automount request for /proc/sys/fs/binfmt_misc, triggered by 678 (snap)
Nov 23 02:03:11 acctonNPU01 systemd[1]: proc-sys-fs-binfmt_misc.automount: Automount point already active?
Nov 23 02:03:11 acctonNPU01 systemd[1]: proc-sys-fs-binfmt_misc.automount: Got automount request for /proc/sys/fs/binfmt_misc, triggered by 618 (snap)
Nov 23 02:03:11 acctonNPU01 systemd[1]: proc-sys-fs-binfmt_misc.automount: Automount point already active?
Nov 23 02:03:11 acctonNPU01 systemd[1]: proc-sys-fs-binfmt_misc.automount: Got automount request for /proc/sys/fs/binfmt_misc, triggered by 678 (snap)
Nov 23 02:03:11 acctonNPU01 systemd[1]: proc-sys-fs-binfmt_misc.automount: Automount point already active?
Nov 23 02:03:11 acctonNPU01 systemd[1]: proc-sys-fs-binfmt_misc.automount: Got automount request for /proc/sys/fs/binfmt_misc, triggered by 678 (snap)
Nov 23 02:03:11 acctonNPU01 systemd[1]: proc-sys-fs-binfmt_misc.automount: Automount point already active?
Nov 23 02:03:11 acctonNPU01 systemd[1]: proc-sys-fs-binfmt_misc.automount: Got automount request for /proc/sys/fs/binfmt_misc, triggered by 618 (snap)
Nov 23 02:03:11 acctonNPU01 systemd[1]: proc-sys-fs-binfmt_misc.automount: Automount point already active?
Nov 23 02:03:11 acctonNPU01 systemd[1]: proc-sys-fs-binfmt_misc.automount: Got automount request for /proc/sys/fs/binfmt_misc, triggered by 678 (snap)
Nov 23 02:03:11 acctonNPU01 systemd[1]: proc-sys-fs-binfmt_misc.automount: Automount point already active?
Nov 23 02:03:11 acctonNPU01 systemd[1]: proc-sys-fs-binfmt_misc.automount: Got automount request for /proc/sys/fs/binfmt_misc, triggered by 618 (snap)
Nov 23 02:03:11 acctonNPU01 systemd[1]: proc-sys-fs-binfmt_misc.automount: Automount point already active?
Nov 23 02:03:11 acctonNPU01 systemd[1]: proc-sys-fs-binfmt_misc.automount: Got automount request for /proc/sys/fs/binfmt_misc, triggered by 678 (snap)
Nov 23 02:03:11 acctonNPU01 systemd[1]: proc-sys-fs-binfmt_misc.automount: Automount point already active?
Nov 23 02:03:11 acctonNPU01 systemd[1]: proc-sys-fs-binfmt_misc.automount: Got automount request for /proc/sys/fs/binfmt_misc, triggered by 618 (snap)
Nov 23 02:03:11 acctonNPU01 systemd[1]: proc-sys-fs-binfmt_misc.automount: Automount point already active?
Nov 23 02:03:11 acctonNPU01 systemd[1]: proc-sys-fs-binfmt_misc.automount: Got automount request for /proc/sys/fs/binfmt_misc, triggered by 678 (snap)
Nov 23 02:03:11 acctonNPU01 systemd[1]: proc-sys-fs-binfmt_misc.automount: Automount point already active?
Nov 23 02:03:11 acctonNPU01 systemd[1]: proc-sys-fs-binfmt_misc.automount: Got automount request for /proc/sys/fs/binfmt_misc, triggered by 618 (snap)
Nov 23 02:03:11 acctonNPU01 systemd[1]: proc-sys-fs-binfmt_misc.automount: Automount point already active?
Nov 23 02:03:11 acctonNPU01 systemd[1]: proc-sys-fs-binfmt_misc.automount: Got automount request for /proc/sys/fs/binfmt_misc, triggered by 678 (snap)
Nov 23 02:03:11 acctonNPU01 systemd[1]: proc-sys-fs-binfmt_misc.automount: Automount point already active?
Nov 23 02:03:11 acctonNPU01 systemd[1]: proc-sys-fs-binfmt_misc.automount: Got automount request for /proc/sys/fs/binfmt_misc, triggered by 618 (snap)
Nov 23 02:03:11 acctonNPU01 systemd[1]: proc-sys-fs-binfmt_misc.automount: Automount point already active?
Nov 23 02:03:11 acctonNPU01 systemd[1]: proc-sys-fs-binfmt_misc.automount: Got automount request for /proc/sys/fs/binfmt_misc, triggered by 678 (snap)
Nov 23 02:03:11 acctonNPU01 systemd[1]: proc-sys-fs-binfmt_misc.automount: Automount point already active?
Nov 23 02:03:11 acctonNPU01 systemd[1]: proc-sys-fs-binfmt_misc.automount: Got automount request for /proc/sys/fs/binfmt_misc, triggered by 618 (snap)
Nov 23 02:03:11 acctonNPU01 systemd[1]: proc-sys-fs-binfmt_misc.automount: Automount point already active?
Nov 23 02:03:11 acctonNPU01 systemd[1]: proc-sys-fs-binfmt_misc.automount: Got automount request for /proc/sys/fs/binfmt_misc, triggered by 678 (snap)
Nov 23 02:03:11 acctonNPU01 systemd[1]: proc-sys-fs-binfmt_misc.automount: Automount point already active?
Nov 23 02:03:11 acctonNPU01 systemd[1]: proc-sys-fs-binfmt_misc.automount: Got automount request for /proc/sys/fs/binfmt_misc, triggered by 618 (snap)
Nov 23 02:03:11 acctonNPU01 systemd[1]: proc-sys-fs-binfmt_misc.automount: Automount point already active?
Nov 23 02:03:11 acctonNPU01 systemd[1]: proc-sys-fs-binfmt_misc.automount: Got automount request for /proc/sys/fs/binfmt_misc, triggered by 678 (snap)
Nov 23 02:03:11 acctonNPU01 systemd[1]: proc-sys-fs-binfmt_misc.automount: Automount point already active?
Nov 23 02:03:11 acctonNPU01 systemd[1]: proc-sys-fs-binfmt_misc.automount: Got automount request for /proc/sys/fs/binfmt_misc, triggered by 618 (snap)
Nov 23 02:03:11 acctonNPU01 systemd[1]: proc-sys-fs-binfmt_misc.automount: Automount point already active?
Nov 23 02:03:11 acctonNPU01 systemd[1]: proc-sys-fs-binfmt_misc.automount: Got automount request for /proc/sys/fs/binfmt_misc, triggered by 678 (snap)
Nov 23 02:03:11 acctonNPU01 systemd[1]: proc-sys-fs-binfmt_misc.automount: Automount point already active?
Nov 23 02:03:11 acctonNPU01 systemd[1]: proc-sys-fs-binfmt_misc.automount: Got automount request for /proc/sys/fs/binfmt_misc, triggered by 678 (snap)
Nov 23 02:03:11 acctonNPU01 systemd[1]: proc-sys-fs-binfmt_misc.automount: Automount point already active?
Nov 23 02:03:11 acctonNPU01 systemd[1]: proc-sys-fs-binfmt_misc.automount: Got automount request for /proc/sys/fs/binfmt_misc, triggered by 618 (snap)
Nov 23 02:03:11 acctonNPU01 systemd[1]: proc-sys-fs-binfmt_misc.automount: Automount point already active?
Nov 23 02:03:11 acctonNPU01 systemd[1]: proc-sys-fs-binfmt_misc.automount: Got automount request for /proc/sys/fs/binfmt_misc, triggered by 678 (snap)
Nov 23 02:03:11 acctonNPU01 systemd[1]: proc-sys-fs-binfmt_misc.automount: Automount point already active?
Nov 23 02:03:11 acctonNPU01 systemd[1]: proc-sys-fs-binfmt_misc.automount: Got automount request for /proc/sys/fs/binfmt_misc, triggered by 678 (snap)
Nov 23 02:03:11 acctonNPU01 systemd[1]: proc-sys-fs-binfmt_misc.automount: Automount point already active?
Nov 23 02:03:11 acctonNPU01 systemd[1]: proc-sys-fs-binfmt_misc.automount: Got automount request for /proc/sys/fs/binfmt_misc, triggered by 678 (snap)
Nov 23 02:03:11 acctonNPU01 systemd[1]: proc-sys-fs-binfmt_misc.automount: Automount point already active?
Nov 23 02:03:11 acctonNPU01 systemd[1]: proc-sys-fs-binfmt_misc.automount: Got automount request for /proc/sys/fs/binfmt_misc, triggered by 678 (snap)
Nov 23 02:03:11 acctonNPU01 systemd[1]: proc-sys-fs-binfmt_misc.automount: Automount point already active?
Nov 23 02:03:11 acctonNPU01 systemd[1]: proc-sys-fs-binfmt_misc.automount: Got automount request for /proc/sys/fs/binfmt_misc, triggered by 678 (snap)
Nov 23 02:03:11 acctonNPU01 systemd[1]: proc-sys-fs-binfmt_misc.automount: Automount point already active?
Nov 23 02:03:11 acctonNPU01 systemd[1]: proc-sys-fs-binfmt_misc.automount: Got automount request for /proc/sys/fs/binfmt_misc, triggered by 678 (snap)
Nov 23 02:03:11 acctonNPU01 systemd[1]: proc-sys-fs-binfmt_misc.automount: Automount point already active?
Nov 23 02:03:11 acctonNPU01 systemd[1]: proc-sys-fs-binfmt_misc.automount: Got automount request for /proc/sys/fs/binfmt_misc, triggered by 678 (snap)
Nov 23 02:03:11 acctonNPU01 systemd[1]: proc-sys-fs-binfmt_misc.automount: Automount point already active?
Nov 23 02:03:11 acctonNPU01 systemd[1]: proc-sys-fs-binfmt_misc.automount: Got automount request for /proc/sys/fs/binfmt_misc, triggered by 678 (snap)
Nov 23 02:03:11 acctonNPU01 systemd[1]: proc-sys-fs-binfmt_misc.automount: Automount point already active?
Nov 23 02:03:11 acctonNPU01 systemd[1]: proc-sys-fs-binfmt_misc.automount: Got automount request for /proc/sys/fs/binfmt_misc, triggered by 678 (snap)
Nov 23 02:03:11 acctonNPU01 systemd[1]: proc-sys-fs-binfmt_misc.automount: Automount point already active?
Nov 23 02:03:11 acctonNPU01 systemd[1]: proc-sys-fs-binfmt_misc.automount: Got automount request for /proc/sys/fs/binfmt_misc, triggered by 678 (snap)
Nov 23 02:03:11 acctonNPU01 systemd[1]: proc-sys-fs-binfmt_misc.automount: Automount point already active?
Nov 23 02:03:11 acctonNPU01 systemd[1]: proc-sys-fs-binfmt_misc.automount: Got automount request for /proc/sys/fs/binfmt_misc, triggered by 678 (snap)
Nov 23 02:03:11 acctonNPU01 systemd[1]: proc-sys-fs-binfmt_misc.automount: Automount point already active?
Nov 23 02:03:11 acctonNPU01 systemd[1]: proc-sys-fs-binfmt_misc.automount: Got automount request for /proc/sys/fs/binfmt_misc, triggered by 678 (snap)
Nov 23 02:03:11 acctonNPU01 systemd[1]: proc-sys-fs-binfmt_misc.automount: Automount point already active?
Nov 23 02:03:11 acctonNPU01 systemd[1]: proc-sys-fs-binfmt_misc.automount: Got automount request for /proc/sys/fs/binfmt_misc, triggered by 678 (snap)
Nov 23 02:03:11 acctonNPU01 systemd[1]: proc-sys-fs-binfmt_misc.automount: Automount point already active?
Nov 23 02:03:11 acctonNPU01 systemd[1]: proc-sys-fs-binfmt_misc.automount: Got automount request for /proc/sys/fs/binfmt_misc, triggered by 678 (snap)
Nov 23 02:03:11 acctonNPU01 systemd[1]: proc-sys-fs-binfmt_misc.automount: Automount point already active?
Nov 23 02:03:11 acctonNPU01 systemd[1]: proc-sys-fs-binfmt_misc.automount: Got automount request for /proc/sys/fs/binfmt_misc, triggered by 678 (snap)
Nov 23 02:03:11 acctonNPU01 systemd[1]: proc-sys-fs-binfmt_misc.automount: Automount point already active?
Nov 23 02:03:11 acctonNPU01 systemd[1]: proc-sys-fs-binfmt_misc.automount: Got automount request for /proc/sys/fs/binfmt_misc, triggered by 678 (snap)
Nov 23 02:03:11 acctonNPU01 systemd[1]: proc-sys-fs-binfmt_misc.automount: Automount point already active?
Nov 23 02:03:11 acctonNPU01 systemd[1]: proc-sys-fs-binfmt_misc.automount: Got automount request for /proc/sys/fs/binfmt_misc, triggered by 678 (snap)
Nov 23 02:03:11 acctonNPU01 systemd[1]: proc-sys-fs-binfmt_misc.automount: Automount point already active?
Nov 23 02:03:11 acctonNPU01 systemd[1]: proc-sys-fs-binfmt_misc.automount: Got automount request for /proc/sys/fs/binfmt_misc, triggered by 678 (snap)
Nov 23 02:03:11 acctonNPU01 systemd[1]: proc-sys-fs-binfmt_misc.automount: Automount point already active?
Nov 23 02:03:11 acctonNPU01 systemd[1]: proc-sys-fs-binfmt_misc.automount: Got automount request for /proc/sys/fs/binfmt_misc, triggered by 678 (snap)
Nov 23 02:03:11 acctonNPU01 systemd[1]: proc-sys-fs-binfmt_misc.automount: Automount point already active?
Nov 23 02:03:11 acctonNPU01 systemd[1]: proc-sys-fs-binfmt_misc.automount: Got automount request for /proc/sys/fs/binfmt_misc, triggered by 678 (snap)
Nov 23 02:03:11 acctonNPU01 systemd[1]: proc-sys-fs-binfmt_misc.automount: Automount point already active?
Nov 23 02:03:11 acctonNPU01 systemd[1]: proc-sys-fs-binfmt_misc.automount: Got automount request for /proc/sys/fs/binfmt_misc, triggered by 678 (snap)
Nov 23 02:03:11 acctonNPU01 systemd[1]: proc-sys-fs-binfmt_misc.automount: Automount point already active?
Nov 23 02:03:11 acctonNPU01 systemd-udevd[577]: ethtool: autonegotiation is unset or enabled, the speed and duplex are not writable.
Nov 23 02:03:11 acctonNPU01 systemd-udevd[577]: Could not set AlternativeName= or apply AlternativeNamesPolicy= on eno2: File exists
Nov 23 02:03:11 acctonNPU01 systemd-udevd[577]: eno2: Could not apply link config, ignoring: File exists
Nov 23 02:03:11 acctonNPU01 systemd-udevd[570]: ethtool: autonegotiation is unset or enabled, the speed and duplex are not writable.
Nov 23 02:03:11 acctonNPU01 systemd-udevd[570]: Could not set AlternativeName= or apply AlternativeNamesPolicy= on eno3: File exists
Nov 23 02:03:11 acctonNPU01 systemd-udevd[570]: eno3: Could not apply link config, ignoring: File exists
Nov 23 02:03:11 acctonNPU01 systemd[1]: Created slice system-lvm2\x2dpvscan.slice.
Nov 23 02:03:11 acctonNPU01 systemd[1]: Starting LVM event activation on device 179:3...
Nov 23 02:03:11 acctonNPU01 systemd[1]: Listening on Load/Save RF Kill Switch Status /dev/rfkill Watch.
Nov 23 02:03:11 acctonNPU01 systemd-udevd[568]: ethtool: autonegotiation is unset or enabled, the speed and duplex are not writable.
Nov 23 02:03:11 acctonNPU01 lvm[761]:   pvscan[761] PV /dev/mmcblk0p3 online, VG ubuntu-vg is complete.
Nov 23 02:03:11 acctonNPU01 lvm[761]:   pvscan[761] VG ubuntu-vg skip autoactivation.
Nov 23 02:03:11 acctonNPU01 systemd[1]: Finished LVM event activation on device 179:3.
Nov 23 02:03:11 acctonNPU01 udevadm[571]: systemd-udev-settle.service is deprecated.
Nov 23 02:03:11 acctonNPU01 systemd-udevd[575]: Using default interface naming scheme 'v245'.
Nov 23 02:03:11 acctonNPU01 systemd-udevd[575]: ethtool: autonegotiation is unset or enabled, the speed and duplex are not writable.
Nov 23 02:03:11 acctonNPU01 systemd[1]: Starting LVM event activation on device 8:3...
Nov 23 02:03:11 acctonNPU01 systemd[1]: Found device 2.5"_SATA_SSD_3T 2.
Nov 23 02:03:11 acctonNPU01 systemd[1]: Found device 2.5"_SATA_SSD_3T 1.
Nov 23 02:03:11 acctonNPU01 lvm[827]:   pvscan[827] PV /dev/sda3 online, VG ubuntu-vg-1 is complete.
Nov 23 02:03:11 acctonNPU01 lvm[827]:   pvscan[827] VG ubuntu-vg-1 skip autoactivation.
Nov 23 02:03:11 acctonNPU01 systemd-udevd[583]: ethtool: autonegotiation is unset or enabled, the speed and duplex are not writable.
Nov 23 02:03:11 acctonNPU01 systemd[1]: Finished LVM event activation on device 8:3.
Nov 23 02:03:11 acctonNPU01 systemd[1]: Finished udev Wait for Complete Device Initialization.
Nov 23 02:03:11 acctonNPU01 systemd[1]: Starting Device-Mapper Multipath Device Controller...
Nov 23 02:03:11 acctonNPU01 multipathd[884]: --------start up--------
Nov 23 02:03:11 acctonNPU01 multipathd[884]: read /etc/multipath.conf
Nov 23 02:03:11 acctonNPU01 multipathd[884]: path checkers start up
Nov 23 02:03:11 acctonNPU01 systemd[1]: Started Device-Mapper Multipath Device Controller.
Nov 23 02:03:11 acctonNPU01 systemd[1]: Reached target Local File Systems (Pre).
Nov 23 02:03:11 acctonNPU01 systemd[1]: Mounting Mount unit for core20, revision 1974...
Nov 23 02:03:11 acctonNPU01 systemd[1]: Mounting Mount unit for core20, revision 2015...
Nov 23 02:03:11 acctonNPU01 systemd[1]: Mounting Mount unit for lxd, revision 22753...
Nov 23 02:03:11 acctonNPU01 systemd[1]: Mounting Mount unit for lxd, revision 24061...
Nov 23 02:03:11 acctonNPU01 systemd[1]: Mounting Mount unit for snapd, revision 20092...
Nov 23 02:03:11 acctonNPU01 systemd[1]: Mounting Mount unit for snapd, revision 20290...
Nov 23 02:03:11 acctonNPU01 systemd[1]: Starting File System Check on /dev/disk/by-uuid/25947690-0bd9-48dd-87c8-9ff6365ce1a1...
Nov 23 02:03:11 acctonNPU01 systemd[1]: Starting File System Check on /dev/disk/by-uuid/EE46-86BB...
Nov 23 02:03:11 acctonNPU01 systemd[1]: Started File System Check Daemon to report status.
Nov 23 02:03:11 acctonNPU01 systemd[1]: Mounted Mount unit for core20, revision 2015.
Nov 23 02:03:11 acctonNPU01 systemd-fsck[903]: /dev/sda2: clean, 313/131072 files, 112892/524288 blocks
Nov 23 02:03:11 acctonNPU01 systemd[1]: Mounted Mount unit for lxd, revision 22753.
Nov 23 02:03:11 acctonNPU01 systemd[1]: Mounted Mount unit for core20, revision 1974.
Nov 23 02:03:11 acctonNPU01 systemd[1]: Mounted Mount unit for lxd, revision 24061.
Nov 23 02:03:11 acctonNPU01 systemd[1]: Mounted Mount unit for snapd, revision 20092.
Nov 23 02:03:11 acctonNPU01 systemd[1]: Mounted Mount unit for snapd, revision 20290.
Nov 23 02:03:11 acctonNPU01 systemd[1]: Reached target Mounted snaps.
Nov 23 02:03:11 acctonNPU01 systemd-fsck[902]: fsck.fat 4.1 (2017-01-24)
Nov 23 02:03:11 acctonNPU01 systemd-fsck[902]: /dev/sda1: 11 files, 1555/274658 clusters
Nov 23 02:03:11 acctonNPU01 systemd[1]: Finished File System Check on /dev/disk/by-uuid/25947690-0bd9-48dd-87c8-9ff6365ce1a1.
Nov 23 02:03:11 acctonNPU01 systemd[1]: Mounting /boot...
Nov 23 02:03:11 acctonNPU01 systemd[1]: Finished File System Check on /dev/disk/by-uuid/EE46-86BB.
Nov 23 02:03:11 acctonNPU01 systemd[1]: Mounted /boot.
Nov 23 02:03:11 acctonNPU01 systemd[1]: Mounting /boot/efi...
Nov 23 02:03:11 acctonNPU01 systemd[1]: Mounted /boot/efi.
Nov 23 02:03:11 acctonNPU01 systemd[1]: Reached target Local File Systems.
Nov 23 02:03:11 acctonNPU01 systemd[1]: Starting Load AppArmor profiles...
Nov 23 02:03:11 acctonNPU01 systemd[1]: Starting Enable support for additional executable binary formats...
Nov 23 02:03:11 acctonNPU01 systemd[1]: Starting Set console font and keymap...
Nov 23 02:03:11 acctonNPU01 systemd[1]: Starting Clean up any mess left by 0dns-up...
Nov 23 02:03:11 acctonNPU01 systemd[1]: Starting Create final runtime dir for shutdown pivot root...
Nov 23 02:03:11 acctonNPU01 systemd[1]: Condition check resulted in LXD - agent - 9p mount being skipped.
Nov 23 02:03:11 acctonNPU01 systemd[1]: Condition check resulted in LXD - agent being skipped.
Nov 23 02:03:11 acctonNPU01 systemd[1]: Starting Tell Plymouth To Write Out Runtime Data...
Nov 23 02:03:11 acctonNPU01 systemd[1]: Starting QEMU KVM preparation - module, ksm, hugepages...
Nov 23 02:03:11 acctonNPU01 systemd[1]: Condition check resulted in Store a System Token in an EFI Variable being skipped.
Nov 23 02:03:11 acctonNPU01 systemd[1]: Condition check resulted in Commit a transient machine-id on disk being skipped.
Nov 23 02:03:11 acctonNPU01 apparmor.systemd[938]: Restarting AppArmor
Nov 23 02:03:11 acctonNPU01 apparmor.systemd[938]: Reloading AppArmor profiles
Nov 23 02:03:11 acctonNPU01 systemd[1]: Starting Create Volatile Files and Directories...
Nov 23 02:03:11 acctonNPU01 systemd[1]: Finished Set console font and keymap.
Nov 23 02:03:11 acctonNPU01 systemd[1]: Finished Create final runtime dir for shutdown pivot root.
Nov 23 02:03:11 acctonNPU01 systemd[1]: plymouth-read-write.service: Succeeded.
Nov 23 02:03:11 acctonNPU01 systemd[1]: Finished Tell Plymouth To Write Out Runtime Data.
Nov 23 02:03:11 acctonNPU01 systemd[1]: Finished Enable support for additional executable binary formats.
Nov 23 02:03:11 acctonNPU01 systemd[1]: dns-clean.service: Succeeded.
Nov 23 02:03:11 acctonNPU01 systemd[1]: Finished Clean up any mess left by 0dns-up.
Nov 23 02:03:11 acctonNPU01 systemd[1]: Finished Create Volatile Files and Directories.
Nov 23 02:03:11 acctonNPU01 systemd[1]: Finished QEMU KVM preparation - module, ksm, hugepages.
Nov 23 02:03:11 acctonNPU01 systemd[1]: Starting Network Time Synchronization...
Nov 23 02:03:11 acctonNPU01 systemd[1]: Starting Update UTMP about System Boot/Shutdown...
Nov 23 02:03:11 acctonNPU01 apparmor.systemd[969]: Skipping profile in /etc/apparmor.d/disable: usr.sbin.rsyslogd
Nov 23 02:03:11 acctonNPU01 apparmor.systemd[967]: Warning: found usr.sbin.sssd in /etc/apparmor.d/force-complain, forcing complain mode
Nov 23 02:03:11 acctonNPU01 systemd[1]: Finished Update UTMP about System Boot/Shutdown.
Nov 23 02:03:11 acctonNPU01 apparmor.systemd[967]: Warning from /etc/apparmor.d (/etc/apparmor.d/usr.sbin.sssd line 59): Warning failed to create cache: usr.sbin.sssd
Nov 23 02:03:11 acctonNPU01 systemd[1]: Finished Load AppArmor profiles.
Nov 23 02:03:11 acctonNPU01 systemd[1]: Starting Load AppArmor profiles managed internally by snapd...
Nov 23 02:03:11 acctonNPU01 systemd[1]: Condition check resulted in Authentication service for virtual machines hosted on VMware being skipped.
Nov 23 02:03:11 acctonNPU01 systemd[1]: Condition check resulted in Service for virtual machines hosted on VMware being skipped.
Nov 23 02:03:11 acctonNPU01 systemd[1]: Starting Initial cloud-init job (pre-networking)...
Nov 23 02:03:11 acctonNPU01 systemd[1]: Started Network Time Synchronization.
Nov 23 02:03:11 acctonNPU01 systemd[1]: Reached target System Time Set.
Nov 23 02:03:11 acctonNPU01 systemd[1]: Reached target System Time Synchronized.
Nov 23 02:03:11 acctonNPU01 snapd-apparmor[971]: main.go:124: Loading profiles [/var/lib/snapd/apparmor/profiles/snap-confine.snapd.20092 /var/lib/snapd/apparmor/profiles/snap-confine.snapd.20290 /var/lib/snapd/apparmor/profiles/snap-update-ns.lxd /var/lib/snapd/apparmor/profiles/snap.lxd.activate /var/lib/snapd/apparmor/profiles/snap.lxd.benchmark /var/lib/snapd/apparmor/profiles/snap.lxd.buginfo /var/lib/snapd/apparmor/profiles/snap.lxd.check-kernel /var/lib/snapd/apparmor/profiles/snap.lxd.daemon /var/lib/snapd/apparmor/profiles/snap.lxd.hook.configure /var/lib/snapd/apparmor/profiles/snap.lxd.hook.install /var/lib/snapd/apparmor/profiles/snap.lxd.hook.remove /var/lib/snapd/apparmor/profiles/snap.lxd.lxc /var/lib/snapd/apparmor/profiles/snap.lxd.lxc-to-lxd /var/lib/snapd/apparmor/profiles/snap.lxd.lxd /var/lib/snapd/apparmor/profiles/snap.lxd.migrate]
Nov 23 02:03:11 acctonNPU01 systemd[1]: Finished Load AppArmor profiles managed internally by snapd.
Nov 23 02:03:11 acctonNPU01 cloud-init[1002]: Cloud-init v. 23.2.2-0ubuntu0~20.04.1 running 'init-local' at Thu, 23 Nov 2023 02:01:10 +0000. Up 13.65 seconds.
Nov 23 02:03:11 acctonNPU01 systemd[1]: Finished Initial cloud-init job (pre-networking).
Nov 23 02:03:11 acctonNPU01 systemd[1]: Reached target Network (Pre).
Nov 23 02:03:11 acctonNPU01 systemd[1]: Starting Raise network interfaces...
Nov 23 02:03:11 acctonNPU01 systemd[1]: Starting Network Service...
Nov 23 02:03:11 acctonNPU01 systemd[1]: Finished Raise network interfaces.
Nov 23 02:03:11 acctonNPU01 systemd-networkd[1005]: Enumeration completed
Nov 23 02:03:11 acctonNPU01 systemd-networkd[1005]: enx7e918bf15d9c: Interface name change detected, enx7e918bf15d9c has been renamed to usb0.
Nov 23 02:03:11 acctonNPU01 systemd[1]: Started Network Service.
Nov 23 02:03:11 acctonNPU01 systemd[1]: Starting Wait for Network to be Configured...
Nov 23 02:03:11 acctonNPU01 systemd-networkd[1005]: usb0: Interface name change detected, usb0 has been renamed to enx7e918bf15d9c.
Nov 23 02:03:11 acctonNPU01 systemd-networkd[1005]: eno1: IPv6 successfully enabled
Nov 23 02:03:11 acctonNPU01 systemd-networkd[1005]: enp3s0f3: IPv6 successfully enabled
Nov 23 02:03:11 acctonNPU01 systemd-networkd[1005]: enp3s0f2: IPv6 successfully enabled
Nov 23 02:03:11 acctonNPU01 systemd[1]: Starting Network Name Resolution...
Nov 23 02:03:11 acctonNPU01 systemd-networkd[1005]: enp3s0f1: IPv6 successfully enabled
Nov 23 02:03:11 acctonNPU01 systemd-networkd[1005]: enp3s0f0: IPv6 successfully enabled
Nov 23 02:03:11 acctonNPU01 systemd-networkd[1005]: enp2s0f3: IPv6 successfully enabled
Nov 23 02:03:11 acctonNPU01 systemd-networkd[1005]: enp2s0f2: IPv6 successfully enabled
Nov 23 02:03:11 acctonNPU01 systemd-networkd[1005]: eno2: IPv6 successfully enabled
Nov 23 02:03:11 acctonNPU01 systemd-networkd[1005]: enp2s0f1: IPv6 successfully enabled
Nov 23 02:03:11 acctonNPU01 systemd-networkd[1005]: enp2s0f0: IPv6 successfully enabled
Nov 23 02:03:11 acctonNPU01 systemd-resolved[1034]: Positive Trust Anchors:
Nov 23 02:03:11 acctonNPU01 systemd-resolved[1034]: . IN DS 20326 8 2 e06d44b80b8f1d39a95c0b0d7c65d08458e880409bbc683457104237c7f8ec8d
Nov 23 02:03:11 acctonNPU01 systemd-resolved[1034]: Negative trust anchors: 10.in-addr.arpa 16.172.in-addr.arpa 17.172.in-addr.arpa 18.172.in-addr.arpa 19.172.in-addr.arpa 20.172.in-addr.arpa 21.172.in-addr.arpa 22.172.in-addr.arpa 23.172.in-addr.arpa 24.172.in-addr.arpa 25.172.in-addr.arpa 26.172.in-addr.arpa 27.172.in-addr.arpa 28.172.in-addr.arpa 29.172.in-addr.arpa 30.172.in-addr.arpa 31.172.in-addr.arpa 168.192.in-addr.arpa d.f.ip6.arpa corp home internal intranet lan local private test
Nov 23 02:03:11 acctonNPU01 systemd-resolved[1034]: Using system hostname 'acctonNPU01'.
Nov 23 02:03:11 acctonNPU01 systemd[1]: Started Network Name Resolution.
Nov 23 02:03:11 acctonNPU01 systemd[1]: Reached target Network.
Nov 23 02:03:11 acctonNPU01 systemd[1]: Reached target Host and Network Name Lookups.
Nov 23 02:03:11 acctonNPU01 systemd-networkd[1005]: eno1: Link UP
Nov 23 02:03:11 acctonNPU01 systemd-networkd[1005]: enp3s0f3: Link UP
Nov 23 02:03:11 acctonNPU01 systemd-networkd[1005]: enp3s0f2: Link UP
Nov 23 02:03:11 acctonNPU01 systemd-networkd[1005]: enp3s0f1: Link UP
Nov 23 02:03:11 acctonNPU01 systemd-networkd[1005]: enp3s0f0: Link UP
Nov 23 02:03:11 acctonNPU01 systemd-networkd[1005]: enp2s0f3: Link UP
Nov 23 02:03:11 acctonNPU01 systemd-networkd[1005]: enp2s0f2: Link UP
Nov 23 02:03:11 acctonNPU01 systemd-networkd[1005]: eno2: Link UP
Nov 23 02:03:11 acctonNPU01 systemd-networkd[1005]: enp2s0f1: Link UP
Nov 23 02:03:11 acctonNPU01 systemd-networkd[1005]: eno2: Gained carrier
Nov 23 02:03:11 acctonNPU01 systemd-networkd[1005]: enp2s0f0: Link UP
Nov 23 02:03:11 acctonNPU01 systemd-timesyncd[961]: Network configuration changed, trying to establish connection.
Nov 23 02:03:11 acctonNPU01 systemd-networkd[1005]: eno2: Gained IPv6LL
Nov 23 02:03:11 acctonNPU01 systemd-timesyncd[961]: Network configuration changed, trying to establish connection.
Nov 23 02:03:11 acctonNPU01 systemd-networkd[1005]: eno1: Gained carrier
Nov 23 02:03:11 acctonNPU01 systemd-timesyncd[961]: Network configuration changed, trying to establish connection.
Nov 23 02:03:11 acctonNPU01 systemd-timesyncd[961]: Network configuration changed, trying to establish connection.
Nov 23 02:03:11 acctonNPU01 systemd-networkd[1005]: eno1: Gained IPv6LL
Nov 23 02:03:11 acctonNPU01 systemd-timesyncd[961]: Network configuration changed, trying to establish connection.
Nov 23 02:03:11 acctonNPU01 systemd[1]: systemd-fsckd.service: Succeeded.
Nov 23 02:03:11 acctonNPU01 systemd-timesyncd[961]: Initial synchronization to time server 185.125.190.58:123 (ntp.ubuntu.com).
Nov 23 02:03:11 acctonNPU01 systemd-networkd-wait-online[1033]: Event loop failed: Connection timed out
Nov 23 02:03:11 acctonNPU01 systemd[1]: systemd-networkd-wait-online.service: Main process exited, code=exited, status=1/FAILURE
Nov 23 02:03:11 acctonNPU01 systemd[1]: systemd-networkd-wait-online.service: Failed with result 'exit-code'.
Nov 23 02:03:11 acctonNPU01 systemd[1]: Failed to start Wait for Network to be Configured.
Nov 23 02:03:11 acctonNPU01 systemd[1]: Starting Initial cloud-init job (metadata service crawler)...
Nov 23 02:03:11 acctonNPU01 cloud-init[1126]: Cloud-init v. 23.2.2-0ubuntu0~20.04.1 running 'init' at Thu, 23 Nov 2023 02:03:11 +0000. Up 134.30 seconds.
Nov 23 02:03:11 acctonNPU01 cloud-init[1126]: ci-info: +++++++++++++++++++++++++++++++++++++++++++Net device info++++++++++++++++++++++++++++++++++++++++++++
Nov 23 02:03:11 acctonNPU01 cloud-init[1126]: ci-info: +-----------------+-------+-----------------------------+---------------+--------+-------------------+
Nov 23 02:03:11 acctonNPU01 cloud-init[1126]: ci-info: |      Device     |   Up  |           Address           |      Mask     | Scope  |     Hw-Address    |
Nov 23 02:03:11 acctonNPU01 cloud-init[1126]: ci-info: +-----------------+-------+-----------------------------+---------------+--------+-------------------+
Nov 23 02:03:11 acctonNPU01 cloud-init[1126]: ci-info: |       eno1      |  True |         172.16.24.79        | 255.255.255.0 | global | a4:bf:01:89:9e:64 |
Nov 23 02:03:11 acctonNPU01 cloud-init[1126]: ci-info: |       eno1      |  True | fe80::a6bf:1ff:fe89:9e64/64 |       .       |  link  | a4:bf:01:89:9e:64 |
Nov 23 02:03:11 acctonNPU01 cloud-init[1126]: ci-info: |       eno2      |  True |         192.168.17.6        | 255.255.255.0 | global | 00:00:00:00:01:00 |
Nov 23 02:03:11 acctonNPU01 cloud-init[1126]: ci-info: |       eno2      |  True |   fe80::200:ff:fe00:100/64  |       .       |  link  | 00:00:00:00:01:00 |
Nov 23 02:03:11 acctonNPU01 cloud-init[1126]: ci-info: |       eno3      | False |              .              |       .       |   .    | 00:00:00:00:01:01 |
Nov 23 02:03:11 acctonNPU01 cloud-init[1126]: ci-info: |     enp2s0f0    | False |              .              |       .       |   .    | a4:bf:01:89:9e:65 |
Nov 23 02:03:11 acctonNPU01 cloud-init[1126]: ci-info: |     enp2s0f1    | False |              .              |       .       |   .    | a4:bf:01:89:9e:66 |
Nov 23 02:03:11 acctonNPU01 cloud-init[1126]: ci-info: |     enp2s0f2    | False |              .              |       .       |   .    | a4:bf:01:89:9e:67 |
Nov 23 02:03:11 acctonNPU01 cloud-init[1126]: ci-info: |     enp2s0f3    | False |              .              |       .       |   .    | a4:bf:01:89:9e:68 |
Nov 23 02:03:11 acctonNPU01 cloud-init[1126]: ci-info: |     enp3s0f0    | False |              .              |       .       |   .    | a4:bf:01:89:9e:69 |
Nov 23 02:03:11 acctonNPU01 cloud-init[1126]: ci-info: |     enp3s0f1    | False |              .              |       .       |   .    | a4:bf:01:89:9e:6a |
Nov 23 02:03:11 acctonNPU01 cloud-init[1126]: ci-info: |     enp3s0f2    | False |              .              |       .       |   .    | a4:bf:01:89:9e:6b |
Nov 23 02:03:11 acctonNPU01 cloud-init[1126]: ci-info: |     enp3s0f3    | False |              .              |       .       |   .    | a4:bf:01:89:9e:6c |
Nov 23 02:03:11 acctonNPU01 cloud-init[1126]: ci-info: | enx7e918bf15d9c | False |              .              |       .       |   .    | 7e:91:8b:f1:5d:9c |
Nov 23 02:03:11 acctonNPU01 cloud-init[1126]: ci-info: |        lo       |  True |          127.0.0.1          |   255.0.0.0   |  host  |         .         |
Nov 23 02:03:11 acctonNPU01 cloud-init[1126]: ci-info: |        lo       |  True |           ::1/128           |       .       |  host  |         .         |
Nov 23 02:03:11 acctonNPU01 cloud-init[1126]: ci-info: +-----------------+-------+-----------------------------+---------------+--------+-------------------+
Nov 23 02:03:11 acctonNPU01 cloud-init[1126]: ci-info: +++++++++++++++++++++++++++++Route IPv4 info++++++++++++++++++++++++++++++
Nov 23 02:03:11 acctonNPU01 cloud-init[1126]: ci-info: +-------+--------------+-------------+---------------+-----------+-------+
Nov 23 02:03:11 acctonNPU01 cloud-init[1126]: ci-info: | Route | Destination  |   Gateway   |    Genmask    | Interface | Flags |
Nov 23 02:03:11 acctonNPU01 cloud-init[1126]: ci-info: +-------+--------------+-------------+---------------+-----------+-------+
Nov 23 02:03:11 acctonNPU01 cloud-init[1126]: ci-info: |   0   |   0.0.0.0    | 172.16.24.1 |    0.0.0.0    |    eno1   |   UG  |
Nov 23 02:03:11 acctonNPU01 cloud-init[1126]: ci-info: |   1   | 172.16.24.0  |   0.0.0.0   | 255.255.255.0 |    eno1   |   U   |
Nov 23 02:03:11 acctonNPU01 cloud-init[1126]: ci-info: |   2   | 192.168.17.0 |   0.0.0.0   | 255.255.255.0 |    eno2   |   U   |
Nov 23 02:03:11 acctonNPU01 cloud-init[1126]: ci-info: +-------+--------------+-------------+---------------+-----------+-------+
Nov 23 02:03:11 acctonNPU01 cloud-init[1126]: ci-info: +++++++++++++++++++Route IPv6 info+++++++++++++++++++
Nov 23 02:03:11 acctonNPU01 cloud-init[1126]: ci-info: +-------+-------------+---------+-----------+-------+
Nov 23 02:03:11 acctonNPU01 cloud-init[1126]: ci-info: | Route | Destination | Gateway | Interface | Flags |
Nov 23 02:03:11 acctonNPU01 cloud-init[1126]: ci-info: +-------+-------------+---------+-----------+-------+
Nov 23 02:03:11 acctonNPU01 cloud-init[1126]: ci-info: |   1   |  fe80::/64  |    ::   |    eno2   |   U   |
Nov 23 02:03:11 acctonNPU01 cloud-init[1126]: ci-info: |   2   |  fe80::/64  |    ::   |    eno1   |   U   |
Nov 23 02:03:11 acctonNPU01 cloud-init[1126]: ci-info: |   4   |    local    |    ::   |    eno2   |   U   |
Nov 23 02:03:11 acctonNPU01 cloud-init[1126]: ci-info: |   5   |    local    |    ::   |    eno1   |   U   |
Nov 23 02:03:11 acctonNPU01 cloud-init[1126]: ci-info: |   6   |  multicast  |    ::   |    eno2   |   U   |
Nov 23 02:03:11 acctonNPU01 cloud-init[1126]: ci-info: |   7   |  multicast  |    ::   |    eno1   |   U   |
Nov 23 02:03:11 acctonNPU01 cloud-init[1126]: ci-info: +-------+-------------+---------+-----------+-------+
Nov 23 02:03:11 acctonNPU01 systemd[1]: Finished Initial cloud-init job (metadata service crawler).
Nov 23 02:03:11 acctonNPU01 systemd[1]: Reached target Cloud-config availability.
Nov 23 02:03:11 acctonNPU01 systemd[1]: Reached target Network is Online.
Nov 23 02:03:11 acctonNPU01 systemd[1]: Reached target System Initialization.
Nov 23 02:03:11 acctonNPU01 dbus-daemon[1134]: dbus[1134]: Unknown group "power" in message bus configuration file
Nov 23 02:03:11 acctonNPU01 systemd[1]: Condition check resulted in Process error reports when automatic reporting is enabled (file watch) being skipped.
Nov 23 02:03:11 acctonNPU01 systemd[1]: Started Daily apt download activities.
Nov 23 02:03:11 acctonNPU01 systemd[1]: Started Daily apt upgrade and clean activities.
Nov 23 02:03:11 acctonNPU01 cron[1165]: (CRON) INFO (pidfile fd = 3)
Nov 23 02:03:11 acctonNPU01 systemd[1]: Started Periodic ext4 Online Metadata Check for All Filesystems.
Nov 23 02:03:11 acctonNPU01 systemd[1]: Started Discard unused blocks once a week.
Nov 23 02:03:11 acctonNPU01 systemd[1]: Started Refresh fwupd metadata regularly.
Nov 23 02:03:11 acctonNPU01 systemd[1]: Started Daily rotation of log files.
Nov 23 02:03:11 acctonNPU01 systemd[1]: Started Daily man-db regeneration.
Nov 23 02:03:11 acctonNPU01 systemd[1]: Started Message of the Day.
Nov 23 02:03:11 acctonNPU01 systemd[1]: Condition check resulted in Timer to automatically fetch and run repair assertions being skipped.
Nov 23 02:03:11 acctonNPU01 systemd[1]: Started Daily Cleanup of Temporary Directories.
Nov 23 02:03:11 acctonNPU01 systemd[1]: Condition check resulted in Ubuntu Pro Timer for running repeated jobs being skipped.
Nov 23 02:03:11 acctonNPU01 systemd[1]: Reached target Paths.
Nov 23 02:03:11 acctonNPU01 systemd[1]: Reached target Timers.
Nov 23 02:03:11 acctonNPU01 systemd[1]: Condition check resulted in Unix socket for apport crash forwarding being skipped.
Nov 23 02:03:11 acctonNPU01 systemd[1]: Listening on cloud-init hotplug hook socket.
Nov 23 02:03:11 acctonNPU01 systemd[1]: Listening on D-Bus System Message Bus Socket.
Nov 23 02:03:11 acctonNPU01 systemd[1]: Listening on Open-iSCSI iscsid Socket.
Nov 23 02:03:11 acctonNPU01 systemd[1]: Listening on Socket unix for snap application lxd.daemon.
Nov 23 02:03:11 acctonNPU01 systemd[1]: Starting Socket activation for snappy daemon.
Nov 23 02:03:11 acctonNPU01 systemd[1]: Listening on UUID daemon activation socket.
Nov 23 02:03:11 acctonNPU01 systemd[1]: Condition check resulted in Login to default iSCSI targets being skipped.
Nov 23 02:03:11 acctonNPU01 systemd[1]: Reached target Remote File Systems (Pre).
Nov 23 02:03:11 acctonNPU01 systemd[1]: Reached target Remote File Systems.
Nov 23 02:03:11 acctonNPU01 systemd[1]: Starting Availability of block devices...
Nov 23 02:03:11 acctonNPU01 systemd[1]: Listening on Socket activation for snappy daemon.
Nov 23 02:03:11 acctonNPU01 systemd[1]: Finished Availability of block devices.
Nov 23 02:03:11 acctonNPU01 systemd[1]: Reached target Sockets.
Nov 23 02:03:11 acctonNPU01 systemd[1]: Reached target Basic System.
Nov 23 02:03:11 acctonNPU01 systemd[1]: Starting LSB: automatic crash report generation...
Nov 23 02:03:11 acctonNPU01 systemd[1]: Started D-Bus System Message Bus.
Nov 23 02:03:11 acctonNPU01 systemd[1]: Started Save initial kernel messages after boot.
Nov 23 02:03:11 acctonNPU01 systemd[1]: Starting Remove Stale Online ext4 Metadata Check Snapshots...
Nov 23 02:03:11 acctonNPU01 systemd[1]: Condition check resulted in getty on tty2-tty6 if dbus and logind are not available being skipped.
Nov 23 02:03:11 acctonNPU01 systemd[1]: Reached target Login Prompts.
Nov 23 02:03:11 acctonNPU01 systemd[1]: Starting Record successful boot for GRUB...
Nov 23 02:03:11 acctonNPU01 systemd[1]: Started irqbalance daemon.
Nov 23 02:03:11 acctonNPU01 systemd[1]: Starting Dispatcher daemon for systemd-networkd...
Nov 23 02:03:11 acctonNPU01 systemd[1]: Started privileged operations for unprivileged applications.
Nov 23 02:03:11 acctonNPU01 systemd[1]: Started Set the CPU Frequency Scaling governor.
Nov 23 02:03:11 acctonNPU01 systemd[1]: Starting Authorization Manager...
Nov 23 02:03:11 acctonNPU01 systemd[1]: Condition check resulted in Pollinate to seed the pseudo random number generator being skipped.
Nov 23 02:03:11 acctonNPU01 systemd[1]: Starting Restore /etc/resolv.conf if the system crashed before the ppp link was shut down...
Nov 23 02:03:11 acctonNPU01 systemd[1]: Condition check resulted in fast remote file copy program daemon being skipped.
Nov 23 02:03:11 acctonNPU01 systemd[1]: Starting System Logging Service...
Nov 23 02:03:11 acctonNPU01 systemd[1]: Condition check resulted in Secure Boot updates for DB and DBX being skipped.
Nov 23 02:03:11 acctonNPU01 systemd[1]: Starting Service for snap application lxd.activate...
Nov 23 02:03:11 acctonNPU01 systemd[1]: Condition check resulted in Userspace listener for prompt events being skipped.
Nov 23 02:03:11 acctonNPU01 systemd[1]: Condition check resulted in Automatically repair incorrect owner/permissions on core devices being skipped.
Nov 23 02:03:11 acctonNPU01 systemd[1]: Condition check resulted in Wait for the Ubuntu Core chooser trigger being skipped.
Nov 23 02:03:11 acctonNPU01 systemd[1]: Reached target Login Prompts (Pre).
Nov 23 02:03:11 acctonNPU01 systemd[1]: Starting Snap Daemon...
Nov 23 02:03:11 acctonNPU01 systemd[1]: Starting OpenBSD Secure Shell server...
Nov 23 02:03:11 acctonNPU01 systemd[1]: Condition check resulted in System Security Services Daemon being skipped.
Nov 23 02:03:11 acctonNPU01 systemd[1]: Reached target User and Group Name Lookups.
Nov 23 02:03:11 acctonNPU01 systemd[1]: sssd-nss.socket: Bound to unit sssd.service, but unit isn't active.
Nov 23 02:03:11 acctonNPU01 systemd[1]: Dependency failed for SSSD NSS Service responder socket.
Nov 23 02:03:11 acctonNPU01 systemd[1]: sssd-nss.socket: Job sssd-nss.socket/start failed with result 'dependency'.
Nov 23 02:03:11 acctonNPU01 systemd[1]: sssd-autofs.socket: Bound to unit sssd.service, but unit isn't active.
Nov 23 02:03:11 acctonNPU01 systemd[1]: Dependency failed for SSSD AutoFS Service responder socket.
Nov 23 02:03:11 acctonNPU01 systemd[1]: sssd-autofs.socket: Job sssd-autofs.socket/start failed with result 'dependency'.
Nov 23 02:03:11 acctonNPU01 systemd[1]: sssd-pac.socket: Bound to unit sssd.service, but unit isn't active.
Nov 23 02:03:11 acctonNPU01 systemd[1]: Dependency failed for SSSD PAC Service responder socket.
Nov 23 02:03:11 acctonNPU01 systemd[1]: sssd-pac.socket: Job sssd-pac.socket/start failed with result 'dependency'.
Nov 23 02:03:11 acctonNPU01 systemd[1]: sssd-pam-priv.socket: Bound to unit sssd.service, but unit isn't active.
Nov 23 02:03:11 acctonNPU01 systemd[1]: Dependency failed for SSSD PAM Service responder private socket.
Nov 23 02:03:11 acctonNPU01 systemd[1]: Dependency failed for SSSD PAM Service responder socket.
Nov 23 02:03:11 acctonNPU01 systemd[1]: sssd-pam.socket: Job sssd-pam.socket/start failed with result 'dependency'.
Nov 23 02:03:11 acctonNPU01 systemd[1]: sssd-pam-priv.socket: Job sssd-pam-priv.socket/start failed with result 'dependency'.
Nov 23 02:03:11 acctonNPU01 systemd[1]: sssd-ssh.socket: Bound to unit sssd.service, but unit isn't active.
Nov 23 02:03:11 acctonNPU01 systemd[1]: Dependency failed for SSSD SSH Service responder socket.
Nov 23 02:03:11 acctonNPU01 systemd[1]: sssd-ssh.socket: Job sssd-ssh.socket/start failed with result 'dependency'.
Nov 23 02:03:11 acctonNPU01 systemd[1]: sssd-sudo.socket: Bound to unit sssd.service, but unit isn't active.
Nov 23 02:03:11 acctonNPU01 systemd[1]: Dependency failed for SSSD Sudo Service responder socket.
Nov 23 02:03:11 acctonNPU01 systemd[1]: sssd-sudo.socket: Job sssd-sudo.socket/start failed with result 'dependency'.
Nov 23 02:03:11 acctonNPU01 systemd[1]: Starting Accounts Service...
Nov 23 02:03:11 acctonNPU01 systemd[1]: Starting Deferred execution scheduler...
Nov 23 02:03:11 acctonNPU01 systemd[1]: Started Regular background program processing daemon.
Nov 23 02:03:11 acctonNPU01 systemd[1]: Starting Login Service...
Nov 23 02:03:11 acctonNPU01 systemd[1]: Starting Permit User Sessions...
Nov 23 02:03:11 acctonNPU01 systemd[1]: Starting Thermal Daemon Service...
Nov 23 02:03:11 acctonNPU01 systemd[1]: Condition check resulted in Ubuntu Pro reboot cmds being skipped.
Nov 23 02:03:11 acctonNPU01 systemd[1]: Starting Ubuntu live CD installer...
Nov 23 02:03:11 acctonNPU01 systemd[1]: Starting Disk Manager...
Nov 23 02:03:11 acctonNPU01 systemd[1]: e2scrub_reap.service: Succeeded.
Nov 23 02:03:11 acctonNPU01 systemd[1]: Finished Remove Stale Online ext4 Metadata Check Snapshots.
Nov 23 02:03:11 acctonNPU01 systemd[1]: pppd-dns.service: Succeeded.
Nov 23 02:03:11 acctonNPU01 systemd[1]: Finished Restore /etc/resolv.conf if the system crashed before the ppp link was shut down.
Nov 23 02:03:11 acctonNPU01 systemd[1]: Started Deferred execution scheduler.
Nov 23 02:03:11 acctonNPU01 systemd[1]: ubiquity.service: Succeeded.
Nov 23 02:03:11 acctonNPU01 systemd[1]: Finished Ubuntu live CD installer.
Nov 23 02:03:11 acctonNPU01 cron[1165]: (CRON) INFO (Running @reboot jobs)
Nov 23 02:03:11 acctonNPU01 udisksd[1170]: udisks daemon version 2.8.4 starting
Nov 23 02:03:11 acctonNPU01 systemd[1]: Started System Logging Service.
Nov 23 02:03:11 acctonNPU01 kernel: [    0.000000] Linux version 5.15.70-rt50 (root@oranic-2) (gcc (Ubuntu 9.4.0-1ubuntu1~20.04.1) 9.4.0, GNU ld (GNU Binutils for Ubuntu) 2.34) #1 SMP PREEMPT_RT Tue Apr 4 09:08:31 UTC 2023
Nov 23 02:03:11 acctonNPU01 kernel: [    0.000000] Command line: BOOT_IMAGE=/vmlinuz-5.15.70-rt50 root=/dev/mapper/ubuntu--vg--1-ubuntu--lv ro default_hugepagesz=1G hugepagesz=1G hugepages=8 isolcpus=2-9 nohz=on nohz_full=2-9 rcu_nocbs=2-9 iommu=pt intel_iommu=on
Nov 23 02:03:11 acctonNPU01 kernel: [    0.000000] KERNEL supported cpus:
Nov 23 02:03:11 acctonNPU01 kernel: [    0.000000]   Intel GenuineIntel
Nov 23 02:03:11 acctonNPU01 kernel: [    0.000000]   AMD AuthenticAMD
Nov 23 02:03:11 acctonNPU01 kernel: [    0.000000]   Hygon HygonGenuine
Nov 23 02:03:11 acctonNPU01 kernel: [    0.000000]   Centaur CentaurHauls
Nov 23 02:03:11 acctonNPU01 kernel: [    0.000000]   zhaoxin   Shanghai  
Nov 23 02:03:11 acctonNPU01 kernel: [    0.000000] x86/split lock detection: #AC: crashing the kernel on kernel split_locks and warning on user-space split_locks
Nov 23 02:03:11 acctonNPU01 kernel: [    0.000000] x86/fpu: Supporting XSAVE feature 0x001: 'x87 floating point registers'
Nov 23 02:03:11 acctonNPU01 kernel: [    0.000000] x86/fpu: Supporting XSAVE feature 0x002: 'SSE registers'
Nov 23 02:03:11 acctonNPU01 kernel: [    0.000000] x86/fpu: Supporting XSAVE feature 0x004: 'AVX registers'
Nov 23 02:03:11 acctonNPU01 kernel: [    0.000000] x86/fpu: Supporting XSAVE feature 0x020: 'AVX-512 opmask'
Nov 23 02:03:11 acctonNPU01 kernel: [    0.000000] x86/fpu: Supporting XSAVE feature 0x040: 'AVX-512 Hi256'
Nov 23 02:03:11 acctonNPU01 kernel: [    0.000000] x86/fpu: Supporting XSAVE feature 0x080: 'AVX-512 ZMM_Hi256'
Nov 23 02:03:11 acctonNPU01 kernel: [    0.000000] x86/fpu: Supporting XSAVE feature 0x200: 'Protection Keys User registers'
Nov 23 02:03:11 acctonNPU01 kernel: [    0.000000] x86/fpu: xstate_offset[2]:  576, xstate_sizes[2]:  256
Nov 23 02:03:11 acctonNPU01 kernel: [    0.000000] x86/fpu: xstate_offset[5]:  832, xstate_sizes[5]:   64
Nov 23 02:03:11 acctonNPU01 kernel: [    0.000000] x86/fpu: xstate_offset[6]:  896, xstate_sizes[6]:  512
Nov 23 02:03:11 acctonNPU01 kernel: [    0.000000] x86/fpu: xstate_offset[7]: 1408, xstate_sizes[7]: 1024
Nov 23 02:03:11 acctonNPU01 kernel: [    0.000000] x86/fpu: xstate_offset[9]: 2432, xstate_sizes[9]:    8
Nov 23 02:03:11 acctonNPU01 kernel: [    0.000000] x86/fpu: Enabled xstate features 0x2e7, context size is 2440 bytes, using 'compacted' format.
Nov 23 02:03:11 acctonNPU01 kernel: [    0.000000] signal: max sigframe size: 3632
Nov 23 02:03:11 acctonNPU01 kernel: [    0.000000] BIOS-provided physical RAM map:
Nov 23 02:03:11 acctonNPU01 kernel: [    0.000000] BIOS-e820: [mem 0x0000000000000000-0x000000000003dfff] usable
Nov 23 02:03:11 acctonNPU01 kernel: [    0.000000] BIOS-e820: [mem 0x000000000003e000-0x000000000003efff] reserved
Nov 23 02:03:11 acctonNPU01 kernel: [    0.000000] BIOS-e820: [mem 0x000000000003f000-0x000000000009ffff] usable
Nov 23 02:03:11 acctonNPU01 kernel: [    0.000000] BIOS-e820: [mem 0x00000000000a0000-0x00000000000fffff] reserved
Nov 23 02:03:11 acctonNPU01 kernel: [    0.000000] BIOS-e820: [mem 0x0000000000100000-0x0000000061d5bfff] usable
Nov 23 02:03:11 acctonNPU01 kernel: [    0.000000] BIOS-e820: [mem 0x0000000061d5c000-0x0000000061d6bfff] reserved
Nov 23 02:03:11 acctonNPU01 kernel: [    0.000000] BIOS-e820: [mem 0x0000000061d6c000-0x0000000065744fff] usable
Nov 23 02:03:11 acctonNPU01 kernel: [    0.000000] BIOS-e820: [mem 0x0000000065745000-0x0000000067844fff] reserved
Nov 23 02:03:11 acctonNPU01 kernel: [    0.000000] BIOS-e820: [mem 0x0000000067845000-0x0000000067990fff] ACPI data
Nov 23 02:03:11 acctonNPU01 kernel: [    0.000000] BIOS-e820: [mem 0x0000000067991000-0x0000000069bcdfff] ACPI NVS
Nov 23 02:03:11 acctonNPU01 kernel: [    0.000000] BIOS-e820: [mem 0x0000000069bce000-0x000000006e1fefff] reserved
Nov 23 02:03:11 acctonNPU01 kernel: [    0.000000] BIOS-e820: [mem 0x000000006e1ff000-0x000000006f7fffff] usable
Nov 23 02:03:11 acctonNPU01 kernel: [    0.000000] BIOS-e820: [mem 0x000000006f800000-0x000000008fffffff] reserved
Nov 23 02:03:11 acctonNPU01 kernel: [    0.000000] BIOS-e820: [mem 0x00000000fed20000-0x00000000fed44fff] reserved
Nov 23 02:03:11 acctonNPU01 kernel: [    0.000000] BIOS-e820: [mem 0x00000000ff000000-0x00000000ffffffff] reserved
Nov 23 02:03:11 acctonNPU01 kernel: [    0.000000] BIOS-e820: [mem 0x0000000100000000-0x000000047fffffff] usable
Nov 23 02:03:11 acctonNPU01 kernel: [    0.000000] NX (Execute Disable) protection: active
Nov 23 02:03:11 acctonNPU01 kernel: [    0.000000] e820: update [mem 0x61c63018-0x61c6b057] usable ==> usable
Nov 23 02:03:11 acctonNPU01 kernel: [    0.000000] e820: update [mem 0x61c63018-0x61c6b057] usable ==> usable
Nov 23 02:03:11 acctonNPU01 kernel: [    0.000000] e820: update [mem 0x60e9f018-0x60ed1057] usable ==> usable
Nov 23 02:03:11 acctonNPU01 kernel: [    0.000000] e820: update [mem 0x60e9f018-0x60ed1057] usable ==> usable
Nov 23 02:03:11 acctonNPU01 kernel: [    0.000000] e820: update [mem 0x60e80018-0x60e9ec57] usable ==> usable
Nov 23 02:03:11 acctonNPU01 kernel: [    0.000000] e820: update [mem 0x60e80018-0x60e9ec57] usable ==> usable
Nov 23 02:03:11 acctonNPU01 kernel: [    0.000000] e820: update [mem 0x60e61018-0x60e7fc57] usable ==> usable
Nov 23 02:03:11 acctonNPU01 kernel: [    0.000000] e820: update [mem 0x60e61018-0x60e7fc57] usable ==> usable
Nov 23 02:03:11 acctonNPU01 kernel: [    0.000000] extended physical RAM map:
Nov 23 02:03:11 acctonNPU01 kernel: [    0.000000] reserve setup_data: [mem 0x0000000000000000-0x000000000003dfff] usable
Nov 23 02:03:11 acctonNPU01 kernel: [    0.000000] reserve setup_data: [mem 0x000000000003e000-0x000000000003efff] reserved
Nov 23 02:03:11 acctonNPU01 kernel: [    0.000000] reserve setup_data: [mem 0x000000000003f000-0x000000000009ffff] usable
Nov 23 02:03:11 acctonNPU01 kernel: [    0.000000] reserve setup_data: [mem 0x00000000000a0000-0x00000000000fffff] reserved
Nov 23 02:03:11 acctonNPU01 kernel: [    0.000000] reserve setup_data: [mem 0x0000000000100000-0x0000000060e61017] usable
Nov 23 02:03:11 acctonNPU01 kernel: [    0.000000] reserve setup_data: [mem 0x0000000060e61018-0x0000000060e7fc57] usable
Nov 23 02:03:11 acctonNPU01 kernel: [    0.000000] reserve setup_data: [mem 0x0000000060e7fc58-0x0000000060e80017] usable
Nov 23 02:03:11 acctonNPU01 kernel: [    0.000000] reserve setup_data: [mem 0x0000000060e80018-0x0000000060e9ec57] usable
Nov 23 02:03:11 acctonNPU01 kernel: [    0.000000] reserve setup_data: [mem 0x0000000060e9ec58-0x0000000060e9f017] usable
Nov 23 02:03:11 acctonNPU01 kernel: [    0.000000] reserve setup_data: [mem 0x0000000060e9f018-0x0000000060ed1057] usable
Nov 23 02:03:11 acctonNPU01 kernel: [    0.000000] reserve setup_data: [mem 0x0000000060ed1058-0x0000000061c63017] usable
Nov 23 02:03:11 acctonNPU01 kernel: [    0.000000] reserve setup_data: [mem 0x0000000061c63018-0x0000000061c6b057] usable
Nov 23 02:03:11 acctonNPU01 kernel: [    0.000000] reserve setup_data: [mem 0x0000000061c6b058-0x0000000061d5bfff] usable
Nov 23 02:03:11 acctonNPU01 kernel: [    0.000000] reserve setup_data: [mem 0x0000000061d5c000-0x0000000061d6bfff] reserved
Nov 23 02:03:11 acctonNPU01 kernel: [    0.000000] reserve setup_data: [mem 0x0000000061d6c000-0x0000000065744fff] usable
Nov 23 02:03:11 acctonNPU01 kernel: [    0.000000] reserve setup_data: [mem 0x0000000065745000-0x0000000067844fff] reserved
Nov 23 02:03:11 acctonNPU01 kernel: [    0.000000] reserve setup_data: [mem 0x0000000067845000-0x0000000067990fff] ACPI data
Nov 23 02:03:11 acctonNPU01 kernel: [    0.000000] reserve setup_data: [mem 0x0000000067991000-0x0000000069bcdfff] ACPI NVS
Nov 23 02:03:11 acctonNPU01 kernel: [    0.000000] reserve setup_data: [mem 0x0000000069bce000-0x000000006e1fefff] reserved
Nov 23 02:03:11 acctonNPU01 kernel: [    0.000000] reserve setup_data: [mem 0x000000006e1ff000-0x000000006f7fffff] usable
Nov 23 02:03:11 acctonNPU01 kernel: [    0.000000] reserve setup_data: [mem 0x000000006f800000-0x000000008fffffff] reserved
Nov 23 02:03:11 acctonNPU01 kernel: [    0.000000] reserve setup_data: [mem 0x00000000fed20000-0x00000000fed44fff] reserved
Nov 23 02:03:11 acctonNPU01 kernel: [    0.000000] reserve setup_data: [mem 0x00000000ff000000-0x00000000ffffffff] reserved
Nov 23 02:03:11 acctonNPU01 kernel: [    0.000000] reserve setup_data: [mem 0x0000000100000000-0x000000047fffffff] usable
Nov 23 02:03:11 acctonNPU01 kernel: [    0.000000] efi: EFI v2.80 by American Megatrends
Nov 23 02:03:11 acctonNPU01 kernel: [    0.000000] efi: ACPI=0x69bca000 ACPI 2.0=0x69bca014 TPMFinalLog=0x69b7e000 SMBIOS=0x6dfa9000 SMBIOS 3.0=0x6dfa8000 MEMATTR=0x64057018 ESRT=0x63dd0218 MOKvar=0x6dfe5000 TPMEventLog=0x61c6c018 
Nov 23 02:03:11 acctonNPU01 kernel: [    0.000000] SMBIOS 3.3.0 present.
Nov 23 02:03:11 acctonNPU01 kernel: [    0.000000] DMI: Default string Default string/Default string, BIOS v15.0c.00.04 04/13/2022
Nov 23 02:03:11 acctonNPU01 kernel: [    0.000000] tsc: Detected 2300.000 MHz processor
Nov 23 02:03:11 acctonNPU01 kernel: [    0.000008] e820: update [mem 0x00000000-0x00000fff] usable ==> reserved
Nov 23 02:03:11 acctonNPU01 kernel: [    0.000011] e820: remove [mem 0x000a0000-0x000fffff] usable
Nov 23 02:03:11 acctonNPU01 kernel: [    0.000024] last_pfn = 0x480000 max_arch_pfn = 0x10000000000
Nov 23 02:03:11 acctonNPU01 kernel: [    0.000165] x86/PAT: Configuration [0-7]: WB  WC  UC- UC  WB  WP  UC- WT  
Nov 23 02:03:11 acctonNPU01 kernel: [    0.000808] total RAM covered: 30704M
Nov 23 02:03:11 acctonNPU01 kernel: [    0.000957] Found optimal setting for mtrr clean up
Nov 23 02:03:11 acctonNPU01 kernel: [    0.000958]  gran_size: 64K 	chunk_size: 32M 	num_reg: 5  	lose cover RAM: 0G
Nov 23 02:03:11 acctonNPU01 kernel: [    0.001328] e820: update [mem 0x7f000000-0xffffffff] usable ==> reserved
Nov 23 02:03:11 acctonNPU01 kernel: [    0.001332] last_pfn = 0x6f800 max_arch_pfn = 0x10000000000
Nov 23 02:03:11 acctonNPU01 kernel: [    0.013871] found SMP MP-table at [mem 0x000fcee0-0x000fceef]
Nov 23 02:03:11 acctonNPU01 kernel: [    0.013888] Using GB pages for direct mapping
Nov 23 02:03:11 acctonNPU01 kernel: [    0.014193] Secure boot disabled
Nov 23 02:03:11 acctonNPU01 kernel: [    0.014194] RAMDISK: [mem 0x59b51000-0x6081afff]
Nov 23 02:03:11 acctonNPU01 kernel: [    0.014199] ACPI: Early table checksum verification disabled
Nov 23 02:03:11 acctonNPU01 kernel: [    0.014202] ACPI: RSDP 0x0000000069BCA014 000024 (v02 ALASKA)
Nov 23 02:03:11 acctonNPU01 kernel: [    0.014206] ACPI: XSDT 0x0000000069BC9728 0000F4 (v01 ALASKA A M I    01072009 AMI  01000013)
Nov 23 02:03:11 acctonNPU01 kernel: [    0.014212] ACPI: FACP 0x000000006798E000 000114 (v06 ALASKA A M I    01072009 INTL 20091013)
Nov 23 02:03:11 acctonNPU01 kernel: [    0.014218] ACPI: DSDT 0x0000000067974000 017AA8 (v02 ALASKA A M I    01072009 INTL 20091013)
Nov 23 02:03:11 acctonNPU01 kernel: [    0.014222] ACPI: FACS 0x0000000069BCC000 000040
Nov 23 02:03:11 acctonNPU01 kernel: [    0.014225] ACPI: SPMI 0x000000006798D000 000041 (v05 ALASKA A M I    00000000 AMI. 00000000)
Nov 23 02:03:11 acctonNPU01 kernel: [    0.014229] ACPI: SPMI 0x000000006798C000 000041 (v05 ALASKA A M I    00000000 AMI. 00000000)
Nov 23 02:03:11 acctonNPU01 kernel: [    0.014232] ACPI: FIDT 0x0000000067973000 00009C (v01 ALASKA A M I    01072009 AMI  00010013)
Nov 23 02:03:11 acctonNPU01 kernel: [    0.014235] ACPI: SSDT 0x0000000067990000 000409 (v02 INTEL  xh_nccrb 00000000 INTL 20200430)
Nov 23 02:03:11 acctonNPU01 kernel: [    0.014239] ACPI: TCPA 0x000000006798F000 000032 (v02 ALASKA NAPAASF  00000000 MSFT 01000013)
Nov 23 02:03:11 acctonNPU01 kernel: [    0.014242] ACPI: SSDT 0x0000000067972000 000748 (v02 INTEL  RAS_ACPI 00000001 INTL 20200430)
Nov 23 02:03:11 acctonNPU01 kernel: [    0.014246] ACPI: SSDT 0x0000000067971000 0007C9 (v02 INTEL  ADDRXLAT 00000001 INTL 20200430)
Nov 23 02:03:11 acctonNPU01 kernel: [    0.014249] ACPI: MCFG 0x0000000067970000 00003C (v01 ALASKA A M I    01072009 MSFT 00000097)
Nov 23 02:03:11 acctonNPU01 kernel: [    0.014252] ACPI: BDAT 0x000000006796F000 000030 (v01 ALASKA A M I    00000000 INTL 20091013)
Nov 23 02:03:11 acctonNPU01 kernel: [    0.014255] ACPI: HMAT 0x000000006796E000 000688 (v01 ALASKA A M I    00000001 INTL 20091013)
Nov 23 02:03:11 acctonNPU01 kernel: [    0.014259] ACPI: HPET 0x000000006796D000 000038 (v01 ALASKA A M I    00000001 INTL 20091013)
Nov 23 02:03:11 acctonNPU01 kernel: [    0.014262] ACPI: WDDT 0x000000006796C000 000040 (v01 ALASKA A M I    00000000 INTL 20091013)
Nov 23 02:03:11 acctonNPU01 kernel: [    0.014265] ACPI: APIC 0x000000006796A000 0000AE (v04 ALASKA A M I    00000000 INTL 20091013)
Nov 23 02:03:11 acctonNPU01 kernel: [    0.014269] ACPI: SLIT 0x0000000067969000 00012C (v01 ALASKA A M I    00000001 AMI  01000013)
Nov 23 02:03:11 acctonNPU01 kernel: [    0.014272] ACPI: SRAT 0x0000000067967000 001570 (v03 ALASKA A M I    00000002 AMI  01000013)
Nov 23 02:03:11 acctonNPU01 kernel: [    0.014276] ACPI: OEM4 0x0000000067905000 061EE1 (v02 INTEL  CPU  CST 00003000 INTL 20200430)
Nov 23 02:03:11 acctonNPU01 kernel: [    0.014279] ACPI: SSDT 0x00000000678E7000 01D9A5 (v02 INTEL  SSDT  PM 00004000 INTL 20200430)
Nov 23 02:03:11 acctonNPU01 kernel: [    0.014282] ACPI: SSDT 0x00000000678E6000 000919 (v02 ALASKA A M I    00000000 INTL 20091013)
Nov 23 02:03:11 acctonNPU01 kernel: [    0.014286] ACPI: HEST 0x00000000678E5000 00013C (v01 ALASKA A M I    00000001 INTL 00000001)
Nov 23 02:03:11 acctonNPU01 kernel: [    0.014289] ACPI: DMAR 0x00000000678E4000 0000E8 (v01 ALASKA A M I    00000001 INTL 20091013)
Nov 23 02:03:11 acctonNPU01 kernel: [    0.014292] ACPI: SPCR 0x00000000678E3000 000050 (v02 ALASKA A M I    01072009 AMI  00050017)
Nov 23 02:03:11 acctonNPU01 kernel: [    0.014296] ACPI: TPM2 0x00000000678E2000 00004C (v04 ALASKA A M I    00000001 AMI  00000000)
Nov 23 02:03:11 acctonNPU01 kernel: [    0.014299] ACPI: SSDT 0x00000000678DF000 002790 (v02 INTEL  SpsNm    00000002 INTL 20200430)
Nov 23 02:03:11 acctonNPU01 kernel: [    0.014302] ACPI: WSMT 0x000000006796B000 000028 (v01 ALASKA A M I    01072009 AMI  00010013)
Nov 23 02:03:11 acctonNPU01 kernel: [    0.014306] ACPI: FPDT 0x00000000678DE000 000044 (v01 ALASKA A M I    01072009 AMI  01000013)
Nov 23 02:03:11 acctonNPU01 kernel: [    0.014308] ACPI: Reserving FACP table memory at [mem 0x6798e000-0x6798e113]
Nov 23 02:03:11 acctonNPU01 kernel: [    0.014310] ACPI: Reserving DSDT table memory at [mem 0x67974000-0x6798baa7]
Nov 23 02:03:11 acctonNPU01 kernel: [    0.014311] ACPI: Reserving FACS table memory at [mem 0x69bcc000-0x69bcc03f]
Nov 23 02:03:11 acctonNPU01 kernel: [    0.014311] ACPI: Reserving SPMI table memory at [mem 0x6798d000-0x6798d040]
Nov 23 02:03:11 acctonNPU01 kernel: [    0.014312] ACPI: Reserving SPMI table memory at [mem 0x6798c000-0x6798c040]
Nov 23 02:03:11 acctonNPU01 kernel: [    0.014313] ACPI: Reserving FIDT table memory at [mem 0x67973000-0x6797309b]
Nov 23 02:03:11 acctonNPU01 kernel: [    0.014314] ACPI: Reserving SSDT table memory at [mem 0x67990000-0x67990408]
Nov 23 02:03:11 acctonNPU01 kernel: [    0.014315] ACPI: Reserving TCPA table memory at [mem 0x6798f000-0x6798f031]
Nov 23 02:03:11 acctonNPU01 kernel: [    0.014315] ACPI: Reserving SSDT table memory at [mem 0x67972000-0x67972747]
Nov 23 02:03:11 acctonNPU01 kernel: [    0.014316] ACPI: Reserving SSDT table memory at [mem 0x67971000-0x679717c8]
Nov 23 02:03:11 acctonNPU01 kernel: [    0.014317] ACPI: Reserving MCFG table memory at [mem 0x67970000-0x6797003b]
Nov 23 02:03:11 acctonNPU01 kernel: [    0.014318] ACPI: Reserving BDAT table memory at [mem 0x6796f000-0x6796f02f]
Nov 23 02:03:11 acctonNPU01 kernel: [    0.014318] ACPI: Reserving HMAT table memory at [mem 0x6796e000-0x6796e687]
Nov 23 02:03:11 acctonNPU01 kernel: [    0.014319] ACPI: Reserving HPET table memory at [mem 0x6796d000-0x6796d037]
Nov 23 02:03:11 acctonNPU01 kernel: [    0.014320] ACPI: Reserving WDDT table memory at [mem 0x6796c000-0x6796c03f]
Nov 23 02:03:11 acctonNPU01 kernel: [    0.014321] ACPI: Reserving APIC table memory at [mem 0x6796a000-0x6796a0ad]
Nov 23 02:03:11 acctonNPU01 kernel: [    0.014321] ACPI: Reserving SLIT table memory at [mem 0x67969000-0x6796912b]
Nov 23 02:03:11 acctonNPU01 kernel: [    0.014322] ACPI: Reserving SRAT table memory at [mem 0x67967000-0x6796856f]
Nov 23 02:03:11 acctonNPU01 kernel: [    0.014323] ACPI: Reserving OEM4 table memory at [mem 0x67905000-0x67966ee0]
Nov 23 02:03:11 acctonNPU01 kernel: [    0.014324] ACPI: Reserving SSDT table memory at [mem 0x678e7000-0x679049a4]
Nov 23 02:03:11 acctonNPU01 kernel: [    0.014324] ACPI: Reserving SSDT table memory at [mem 0x678e6000-0x678e6918]
Nov 23 02:03:11 acctonNPU01 kernel: [    0.014325] ACPI: Reserving HEST table memory at [mem 0x678e5000-0x678e513b]
Nov 23 02:03:11 acctonNPU01 kernel: [    0.014326] ACPI: Reserving DMAR table memory at [mem 0x678e4000-0x678e40e7]
Nov 23 02:03:11 acctonNPU01 kernel: [    0.014327] ACPI: Reserving SPCR table memory at [mem 0x678e3000-0x678e304f]
Nov 23 02:03:11 acctonNPU01 kernel: [    0.014327] ACPI: Reserving TPM2 table memory at [mem 0x678e2000-0x678e204b]
Nov 23 02:03:11 acctonNPU01 kernel: [    0.014328] ACPI: Reserving SSDT table memory at [mem 0x678df000-0x678e178f]
Nov 23 02:03:11 acctonNPU01 kernel: [    0.014329] ACPI: Reserving WSMT table memory at [mem 0x6796b000-0x6796b027]
Nov 23 02:03:11 acctonNPU01 kernel: [    0.014330] ACPI: Reserving FPDT table memory at [mem 0x678de000-0x678de043]
Nov 23 02:03:11 acctonNPU01 kernel: [    0.014381] SRAT: PXM 0 -> APIC 0x00 -> Node 0
Nov 23 02:03:11 acctonNPU01 kernel: [    0.014383] SRAT: PXM 0 -> APIC 0x02 -> Node 0
Nov 23 02:03:11 acctonNPU01 kernel: [    0.014384] SRAT: PXM 0 -> APIC 0x04 -> Node 0
Nov 23 02:03:11 acctonNPU01 kernel: [    0.014384] SRAT: PXM 0 -> APIC 0x06 -> Node 0
Nov 23 02:03:11 acctonNPU01 kernel: [    0.014385] SRAT: PXM 0 -> APIC 0x08 -> Node 0
Nov 23 02:03:11 acctonNPU01 kernel: [    0.014385] SRAT: PXM 0 -> APIC 0x0a -> Node 0
Nov 23 02:03:11 acctonNPU01 kernel: [    0.014386] SRAT: PXM 0 -> APIC 0x0c -> Node 0
Nov 23 02:03:11 acctonNPU01 kernel: [    0.014386] SRAT: PXM 0 -> APIC 0x0e -> Node 0
Nov 23 02:03:11 acctonNPU01 kernel: [    0.014387] SRAT: PXM 0 -> APIC 0x10 -> Node 0
Nov 23 02:03:11 acctonNPU01 kernel: [    0.014387] SRAT: PXM 0 -> APIC 0x12 -> Node 0
Nov 23 02:03:11 acctonNPU01 kernel: [    0.014397] ACPI: SRAT: Node 0 PXM 0 [mem 0x00000000-0x7fffffff]
Nov 23 02:03:11 acctonNPU01 kernel: [    0.014399] ACPI: SRAT: Node 0 PXM 0 [mem 0x100000000-0x47fffffff]
Nov 23 02:03:11 acctonNPU01 kernel: [    0.014405] NUMA: Initialized distance table, cnt=1
Nov 23 02:03:11 acctonNPU01 kernel: [    0.014406] NUMA: Node 0 [mem 0x00000000-0x7fffffff] + [mem 0x100000000-0x47fffffff] -> [mem 0x00000000-0x47fffffff]
Nov 23 02:03:11 acctonNPU01 kernel: [    0.014415] NODE_DATA(0) allocated [mem 0x47ffd4000-0x47fffefff]
Nov 23 02:03:11 acctonNPU01 kernel: [    0.014786] Zone ranges:
Nov 23 02:03:11 acctonNPU01 kernel: [    0.014787]   DMA      [mem 0x0000000000001000-0x0000000000ffffff]
Nov 23 02:03:11 acctonNPU01 kernel: [    0.014789]   DMA32    [mem 0x0000000001000000-0x00000000ffffffff]
Nov 23 02:03:11 acctonNPU01 kernel: [    0.014790]   Normal   [mem 0x0000000100000000-0x000000047fffffff]
Nov 23 02:03:11 acctonNPU01 kernel: [    0.014791]   Device   empty
Nov 23 02:03:11 acctonNPU01 kernel: [    0.014793] Movable zone start for each node
Nov 23 02:03:11 acctonNPU01 kernel: [    0.014797] Early memory node ranges
Nov 23 02:03:11 acctonNPU01 kernel: [    0.014797]   node   0: [mem 0x0000000000001000-0x000000000003dfff]
Nov 23 02:03:11 acctonNPU01 kernel: [    0.014798]   node   0: [mem 0x000000000003f000-0x000000000009ffff]
Nov 23 02:03:11 acctonNPU01 kernel: [    0.014799]   node   0: [mem 0x0000000000100000-0x0000000061d5bfff]
Nov 23 02:03:11 acctonNPU01 kernel: [    0.014800]   node   0: [mem 0x0000000061d6c000-0x0000000065744fff]
Nov 23 02:03:11 acctonNPU01 kernel: [    0.014801]   node   0: [mem 0x000000006e1ff000-0x000000006f7fffff]
Nov 23 02:03:11 acctonNPU01 kernel: [    0.014801]   node   0: [mem 0x0000000100000000-0x000000047fffffff]
Nov 23 02:03:11 acctonNPU01 kernel: [    0.014804] Initmem setup node 0 [mem 0x0000000000001000-0x000000047fffffff]
Nov 23 02:03:11 acctonNPU01 kernel: [    0.014808] On node 0, zone DMA: 1 pages in unavailable ranges
Nov 23 02:03:11 acctonNPU01 kernel: [    0.014810] On node 0, zone DMA: 1 pages in unavailable ranges
Nov 23 02:03:11 acctonNPU01 kernel: [    0.014852] On node 0, zone DMA: 96 pages in unavailable ranges
Nov 23 02:03:11 acctonNPU01 kernel: [    0.018484] On node 0, zone DMA32: 16 pages in unavailable ranges
Nov 23 02:03:11 acctonNPU01 kernel: [    0.018897] On node 0, zone DMA32: 35514 pages in unavailable ranges
Nov 23 02:03:11 acctonNPU01 kernel: [    0.054250] On node 0, zone Normal: 2048 pages in unavailable ranges
Nov 23 02:03:11 acctonNPU01 kernel: [    0.055270] ACPI: PM-Timer IO Port: 0x508
Nov 23 02:03:11 acctonNPU01 kernel: [    0.055281] ACPI: X2APIC_NMI (uid[0xffffffff] high edge lint[0x1])
Nov 23 02:03:11 acctonNPU01 kernel: [    0.055284] ACPI: LAPIC_NMI (acpi_id[0xff] high edge lint[0x1])
Nov 23 02:03:11 acctonNPU01 kernel: [    0.055301] IOAPIC[0]: apic_id 8, version 32, address 0xfec00000, GSI 0-23
Nov 23 02:03:11 acctonNPU01 kernel: [    0.055305] ACPI: INT_SRC_OVR (bus 0 bus_irq 0 global_irq 2 dfl dfl)
Nov 23 02:03:11 acctonNPU01 kernel: [    0.055307] ACPI: INT_SRC_OVR (bus 0 bus_irq 9 global_irq 9 high level)
Nov 23 02:03:11 acctonNPU01 kernel: [    0.055311] ACPI: Using ACPI (MADT) for SMP configuration information
Nov 23 02:03:11 acctonNPU01 kernel: [    0.055312] ACPI: HPET id: 0x8086a701 base: 0xfed00000
Nov 23 02:03:11 acctonNPU01 kernel: [    0.055317] ACPI: SPCR: console: uart,io,0x5060,115200
Nov 23 02:03:11 acctonNPU01 kernel: [    0.055319] TSC deadline timer available
Nov 23 02:03:11 acctonNPU01 kernel: [    0.055320] smpboot: Allowing 10 CPUs, 0 hotplug CPUs
Nov 23 02:03:11 acctonNPU01 kernel: [    0.055342] PM: hibernation: Registered nosave memory: [mem 0x00000000-0x00000fff]
Nov 23 02:03:11 acctonNPU01 kernel: [    0.055344] PM: hibernation: Registered nosave memory: [mem 0x0003e000-0x0003efff]
Nov 23 02:03:11 acctonNPU01 kernel: [    0.055346] PM: hibernation: Registered nosave memory: [mem 0x000a0000-0x000fffff]
Nov 23 02:03:11 acctonNPU01 kernel: [    0.055347] PM: hibernation: Registered nosave memory: [mem 0x60e61000-0x60e61fff]
Nov 23 02:03:11 acctonNPU01 kernel: [    0.055349] PM: hibernation: Registered nosave memory: [mem 0x60e7f000-0x60e7ffff]
Nov 23 02:03:11 acctonNPU01 kernel: [    0.055350] PM: hibernation: Registered nosave memory: [mem 0x60e80000-0x60e80fff]
Nov 23 02:03:11 acctonNPU01 kernel: [    0.055351] PM: hibernation: Registered nosave memory: [mem 0x60e9e000-0x60e9efff]
Nov 23 02:03:11 acctonNPU01 kernel: [    0.055352] PM: hibernation: Registered nosave memory: [mem 0x60e9f000-0x60e9ffff]
Nov 23 02:03:11 acctonNPU01 kernel: [    0.055353] PM: hibernation: Registered nosave memory: [mem 0x60ed1000-0x60ed1fff]
Nov 23 02:03:11 acctonNPU01 kernel: [    0.055355] PM: hibernation: Registered nosave memory: [mem 0x61c63000-0x61c63fff]
Nov 23 02:03:11 acctonNPU01 kernel: [    0.055356] PM: hibernation: Registered nosave memory: [mem 0x61c6b000-0x61c6bfff]
Nov 23 02:03:11 acctonNPU01 kernel: [    0.055358] PM: hibernation: Registered nosave memory: [mem 0x61d5c000-0x61d6bfff]
Nov 23 02:03:11 acctonNPU01 kernel: [    0.055359] PM: hibernation: Registered nosave memory: [mem 0x65745000-0x67844fff]
Nov 23 02:03:11 acctonNPU01 kernel: [    0.055360] PM: hibernation: Registered nosave memory: [mem 0x67845000-0x67990fff]
Nov 23 02:03:11 acctonNPU01 kernel: [    0.055360] PM: hibernation: Registered nosave memory: [mem 0x67991000-0x69bcdfff]
Nov 23 02:03:11 acctonNPU01 kernel: [    0.055361] PM: hibernation: Registered nosave memory: [mem 0x69bce000-0x6e1fefff]
Nov 23 02:03:11 acctonNPU01 kernel: [    0.055362] PM: hibernation: Registered nosave memory: [mem 0x6f800000-0x8fffffff]
Nov 23 02:03:11 acctonNPU01 kernel: [    0.055363] PM: hibernation: Registered nosave memory: [mem 0x90000000-0xfed1ffff]
Nov 23 02:03:11 acctonNPU01 kernel: [    0.055363] PM: hibernation: Registered nosave memory: [mem 0xfed20000-0xfed44fff]
Nov 23 02:03:11 acctonNPU01 kernel: [    0.055364] PM: hibernation: Registered nosave memory: [mem 0xfed45000-0xfeffffff]
Nov 23 02:03:11 acctonNPU01 kernel: [    0.055365] PM: hibernation: Registered nosave memory: [mem 0xff000000-0xffffffff]
Nov 23 02:03:11 acctonNPU01 kernel: [    0.055367] [mem 0x90000000-0xfed1ffff] available for PCI devices
Nov 23 02:03:11 acctonNPU01 kernel: [    0.055369] Booting paravirtualized kernel on bare hardware
Nov 23 02:03:11 acctonNPU01 kernel: [    0.055371] clocksource: refined-jiffies: mask: 0xffffffff max_cycles: 0xffffffff, max_idle_ns: 7645519600211568 ns
Nov 23 02:03:11 acctonNPU01 kernel: [    0.055380] setup_percpu: NR_CPUS:8192 nr_cpumask_bits:10 nr_cpu_ids:10 nr_node_ids:1
Nov 23 02:03:11 acctonNPU01 kernel: [    0.055939] percpu: Embedded 61 pages/cpu s212992 r8192 d28672 u524288
Nov 23 02:03:11 acctonNPU01 kernel: [    0.055947] pcpu-alloc: s212992 r8192 d28672 u524288 alloc=1*2097152
Nov 23 02:03:11 acctonNPU01 kernel: [    0.055950] pcpu-alloc: [0] 00 01 02 03 [0] 04 05 06 07 
Nov 23 02:03:11 acctonNPU01 kernel: [    0.055954] pcpu-alloc: [0] 08 09 -- -- 
Nov 23 02:03:11 acctonNPU01 kernel: [    0.055989] Built 1 zonelists, mobility grouping on.  Total pages: 4027009
Nov 23 02:03:11 acctonNPU01 kernel: [    0.055991] Policy zone: Normal
Nov 23 02:03:11 acctonNPU01 kernel: [    0.055993] Kernel command line: BOOT_IMAGE=/vmlinuz-5.15.70-rt50 root=/dev/mapper/ubuntu--vg--1-ubuntu--lv ro default_hugepagesz=1G hugepagesz=1G hugepages=8 isolcpus=2-9 nohz=on nohz_full=2-9 rcu_nocbs=2-9 iommu=pt intel_iommu=on
Nov 23 02:03:11 acctonNPU01 kernel: [    0.056211] DMAR: IOMMU enabled
Nov 23 02:03:11 acctonNPU01 kernel: [    0.056214] Unknown kernel command line parameters "BOOT_IMAGE=/vmlinuz-5.15.70-rt50", will be passed to user space.
Nov 23 02:03:11 acctonNPU01 kernel: [    0.057158] Dentry cache hash table entries: 2097152 (order: 12, 16777216 bytes, linear)
Nov 23 02:03:11 acctonNPU01 kernel: [    0.057635] Inode-cache hash table entries: 1048576 (order: 11, 8388608 bytes, linear)
Nov 23 02:03:11 acctonNPU01 kernel: [    0.057790] mem auto-init: stack:off, heap alloc:on, heap free:off
Nov 23 02:03:11 acctonNPU01 kernel: [    0.116585] Memory: 7473444K/16364368K available (16393K kernel code, 3822K rwdata, 5488K rodata, 3016K init, 5296K bss, 8890720K reserved, 0K cma-reserved)
Nov 23 02:03:11 acctonNPU01 kernel: [    0.116951] SLUB: HWalign=64, Order=0-3, MinObjects=0, CPUs=10, Nodes=1
Nov 23 02:03:11 acctonNPU01 kernel: [    0.116977] ftrace: allocating 48742 entries in 191 pages
Nov 23 02:03:11 acctonNPU01 kernel: [    0.153171] ftrace: allocated 191 pages with 7 groups
Nov 23 02:03:11 acctonNPU01 kernel: [    0.153335] rcu: Preemptible hierarchical RCU implementation.
Nov 23 02:03:11 acctonNPU01 kernel: [    0.153336] rcu: 	RCU restricting CPUs from NR_CPUS=8192 to nr_cpu_ids=10.
Nov 23 02:03:11 acctonNPU01 kernel: [    0.153337] rcu: 	RCU priority boosting: priority 1 delay 500 ms.
Nov 23 02:03:11 acctonNPU01 kernel: [    0.153338] rcu: 	RCU_SOFTIRQ processing moved to rcuc kthreads.
Nov 23 02:03:11 acctonNPU01 kernel: [    0.153338] 	No expedited grace period (rcu_normal_after_boot).
Nov 23 02:03:11 acctonNPU01 kernel: [    0.153339] 	Trampoline variant of Tasks RCU enabled.
Nov 23 02:03:11 acctonNPU01 kernel: [    0.153339] 	Rude variant of Tasks RCU enabled.
Nov 23 02:03:11 acctonNPU01 kernel: [    0.153340] 	Tracing variant of Tasks RCU enabled.
Nov 23 02:03:11 acctonNPU01 kernel: [    0.153340] rcu: RCU calculated value of scheduler-enlistment delay is 25 jiffies.
Nov 23 02:03:11 acctonNPU01 kernel: [    0.153341] rcu: Adjusting geometry for rcu_fanout_leaf=16, nr_cpu_ids=10
Nov 23 02:03:11 acctonNPU01 kernel: [    0.158370] NR_IRQS: 524544, nr_irqs: 504, preallocated irqs: 16
Nov 23 02:03:11 acctonNPU01 kernel: [    0.158601] NO_HZ: Full dynticks CPUs: 2-9.
Nov 23 02:03:11 acctonNPU01 kernel: [    0.158604] rcu: 	Offload RCU callbacks from CPUs: 2-9.
Nov 23 02:03:11 acctonNPU01 kernel: [    0.158672] random: crng init done
Nov 23 02:03:11 acctonNPU01 kernel: [    0.158699] Console: colour dummy device 80x25
Nov 23 02:03:11 acctonNPU01 kernel: [    0.158702] printk: console [tty0] enabled
Nov 23 02:03:11 acctonNPU01 kernel: [    0.158722] ACPI: Core revision 20210730
Nov 23 02:03:11 acctonNPU01 kernel: [    0.159241] clocksource: hpet: mask: 0xffffffff max_cycles: 0xffffffff, max_idle_ns: 79635855245 ns
Nov 23 02:03:11 acctonNPU01 kernel: [    0.159285] APIC: Switch to symmetric I/O mode setup
Nov 23 02:03:11 acctonNPU01 kernel: [    0.159288] DMAR: Host address width 46
Nov 23 02:03:11 acctonNPU01 kernel: [    0.159289] DMAR: DRHD base: 0x000000d7ffc000 flags: 0x0
Nov 23 02:03:11 acctonNPU01 kernel: [    0.159295] DMAR: dmar0: reg_base_addr d7ffc000 ver 4:0 cap 8ed008c40780466 ecap 60000f050df
Nov 23 02:03:11 acctonNPU01 kernel: [    0.159298] DMAR: DRHD base: 0x000000fb7fc000 flags: 0x0
Nov 23 02:03:11 acctonNPU01 kernel: [    0.159302] DMAR: dmar1: reg_base_addr fb7fc000 ver 4:0 cap 8ed008c40780466 ecap 60000f050df
Nov 23 02:03:11 acctonNPU01 kernel: [    0.159305] DMAR: DRHD base: 0x000000b3ff6000 flags: 0x1
Nov 23 02:03:11 acctonNPU01 kernel: [    0.159307] DMAR: dmar2: reg_base_addr b3ff6000 ver 4:0 cap 8ed008c40780466 ecap 60000f050df
Nov 23 02:03:11 acctonNPU01 kernel: [    0.159309] DMAR: RMRR base: 0x0000006781a000 end: 0x0000006781cfff
Nov 23 02:03:11 acctonNPU01 kernel: [    0.159311] DMAR: ATSR flags: 0x0
Nov 23 02:03:11 acctonNPU01 kernel: [    0.159313] DMAR-IR: IOAPIC id 8 under DRHD base  0xb3ff6000 IOMMU 2
Nov 23 02:03:11 acctonNPU01 kernel: [    0.159315] DMAR-IR: HPET id 0 under DRHD base 0xb3ff6000
Nov 23 02:03:11 acctonNPU01 kernel: [    0.159316] DMAR-IR: Queued invalidation will be enabled to support x2apic and Intr-remapping.
Nov 23 02:03:11 acctonNPU01 kernel: [    0.160491] DMAR-IR: Enabled IRQ remapping in x2apic mode
Nov 23 02:03:11 acctonNPU01 kernel: [    0.160494] x2apic enabled
Nov 23 02:03:11 acctonNPU01 kernel: [    0.160502] Switched APIC routing to cluster x2apic.
Nov 23 02:03:11 acctonNPU01 kernel: [    0.161197] ..TIMER: vector=0x30 apic1=0 pin1=2 apic2=-1 pin2=-1
Nov 23 02:03:11 acctonNPU01 kernel: [    0.179266] clocksource: tsc-early: mask: 0xffffffffffffffff max_cycles: 0x212735223b2, max_idle_ns: 440795277976 ns
Nov 23 02:03:11 acctonNPU01 kernel: [    0.179272] Calibrating delay loop (skipped), value calculated using timer frequency.. 4600.00 BogoMIPS (lpj=9200000)
Nov 23 02:03:11 acctonNPU01 kernel: [    0.179274] pid_max: default: 32768 minimum: 301
Nov 23 02:03:11 acctonNPU01 kernel: [    0.179304] LSM: Security Framework initializing
Nov 23 02:03:11 acctonNPU01 kernel: [    0.179308] Yama: becoming mindful.
Nov 23 02:03:11 acctonNPU01 kernel: [    0.179337] AppArmor: AppArmor initialized
Nov 23 02:03:11 acctonNPU01 kernel: [    0.179405] Mount-cache hash table entries: 32768 (order: 6, 262144 bytes, linear)
Nov 23 02:03:11 acctonNPU01 kernel: [    0.179445] Mountpoint-cache hash table entries: 32768 (order: 6, 262144 bytes, linear)
Nov 23 02:03:11 acctonNPU01 kernel: [    0.179731] x86/tme: not enabled by BIOS
Nov 23 02:03:11 acctonNPU01 kernel: [    0.179738] CPU0: Thermal monitoring enabled (TM1)
Nov 23 02:03:11 acctonNPU01 kernel: [    0.179740] x86/cpu: User Mode Instruction Prevention (UMIP) activated
Nov 23 02:03:11 acctonNPU01 kernel: [    0.179895] process: using mwait in idle threads
Nov 23 02:03:11 acctonNPU01 kernel: [    0.179897] Last level iTLB entries: 4KB 0, 2MB 0, 4MB 0
Nov 23 02:03:11 acctonNPU01 kernel: [    0.179898] Last level dTLB entries: 4KB 0, 2MB 0, 4MB 0, 1GB 0
Nov 23 02:03:11 acctonNPU01 kernel: [    0.179902] Spectre V1 : Mitigation: usercopy/swapgs barriers and __user pointer sanitization
Nov 23 02:03:11 acctonNPU01 kernel: [    0.179904] Spectre V2 : WARNING: Unprivileged eBPF is enabled with eIBRS on, data leaks possible via Spectre v2 BHB attacks!
Nov 23 02:03:11 acctonNPU01 kernel: [    0.179906] Spectre V2 : Mitigation: Enhanced IBRS
Nov 23 02:03:11 acctonNPU01 kernel: [    0.179906] Spectre V2 : Spectre v2 / SpectreRSB mitigation: Filling RSB on context switch
Nov 23 02:03:11 acctonNPU01 kernel: [    0.179907] Spectre V2 : Spectre v2 / PBRSB-eIBRS: Retire a single CALL on VMEXIT
Nov 23 02:03:11 acctonNPU01 kernel: [    0.179908] Spectre V2 : mitigation: Enabling conditional Indirect Branch Prediction Barrier
Nov 23 02:03:11 acctonNPU01 kernel: [    0.179910] Speculative Store Bypass: Mitigation: Speculative Store Bypass disabled via prctl and seccomp
Nov 23 02:03:11 acctonNPU01 kernel: [    0.179916] TAA: Vulnerable: Clear CPU buffers attempted, no microcode
Nov 23 02:03:11 acctonNPU01 kernel: [    0.179916] MMIO Stale Data: Vulnerable: Clear CPU buffers attempted, no microcode
Nov 23 02:03:11 acctonNPU01 kernel: [    0.204077] Freeing SMP alternatives memory: 40K
Nov 23 02:03:11 acctonNPU01 kernel: [    0.204155] smpboot: Estimated ratio of average max frequency by base frequency (times 1024): 1024
Nov 23 02:03:11 acctonNPU01 kernel: [    0.204165] smpboot: CPU0: Intel 06/6c (family: 0x6, model: 0x6c, stepping: 0x0)
Nov 23 02:03:11 acctonNPU01 kernel: [    0.204319] Performance Events: PEBS fmt4+-baseline,  AnyThread deprecated, Icelake events, 32-deep LBR, full-width counters, Intel PMU driver.
Nov 23 02:03:11 acctonNPU01 kernel: [    0.204332] ... version:                5
Nov 23 02:03:11 acctonNPU01 kernel: [    0.204333] ... bit width:              48
Nov 23 02:03:11 acctonNPU01 kernel: [    0.204333] ... generic registers:      8
Nov 23 02:03:11 acctonNPU01 kernel: [    0.204333] ... value mask:             0000ffffffffffff
Nov 23 02:03:11 acctonNPU01 kernel: [    0.204334] ... max period:             00007fffffffffff
Nov 23 02:03:11 acctonNPU01 kernel: [    0.204335] ... fixed-purpose events:   4
Nov 23 02:03:11 acctonNPU01 kernel: [    0.204335] ... event mask:             0001000f000000ff
Nov 23 02:03:11 acctonNPU01 kernel: [    0.204436] rcu: Hierarchical SRCU implementation.
Nov 23 02:03:11 acctonNPU01 kernel: [    0.204952] watchdog: Disabling watchdog on nohz_full cores by default
Nov 23 02:03:11 acctonNPU01 kernel: [    0.205471] NMI watchdog: Enabled. Permanently consumes one hw-PMU counter.
Nov 23 02:03:11 acctonNPU01 kernel: [    0.205578] smp: Bringing up secondary CPUs ...
Nov 23 02:03:11 acctonNPU01 kernel: [    0.205693] x86: Booting SMP configuration:
Nov 23 02:03:11 acctonNPU01 kernel: [    0.205693] .... node  #0, CPUs:        #1  #2  #3  #4  #5  #6  #7  #8  #9
Nov 23 02:03:11 acctonNPU01 kernel: [    0.242992] smp: Brought up 1 node, 10 CPUs
Nov 23 02:03:11 acctonNPU01 kernel: [    0.242992] smpboot: Max logical packages: 1
Nov 23 02:03:11 acctonNPU01 kernel: [    0.242992] smpboot: Total of 10 processors activated (46000.00 BogoMIPS)
Nov 23 02:03:11 acctonNPU01 kernel: [    0.243844] devtmpfs: initialized
Nov 23 02:03:11 acctonNPU01 kernel: [    0.243844] x86/mm: Memory block size: 128MB
Nov 23 02:03:11 acctonNPU01 kernel: [    0.244893] ACPI: PM: Registering ACPI NVS region [mem 0x67991000-0x69bcdfff] (35901440 bytes)
Nov 23 02:03:11 acctonNPU01 kernel: [    0.244893] clocksource: jiffies: mask: 0xffffffff max_cycles: 0xffffffff, max_idle_ns: 7645041785100000 ns
Nov 23 02:03:11 acctonNPU01 kernel: [    0.244893] futex hash table entries: 4096 (order: 6, 262144 bytes, linear)
Nov 23 02:03:11 acctonNPU01 kernel: [    0.244893] pinctrl core: initialized pinctrl subsystem
Nov 23 02:03:11 acctonNPU01 kernel: [    0.244893] PM: RTC time: 02:00:57, date: 2023-11-23
Nov 23 02:03:11 acctonNPU01 kernel: [    0.244893] NET: Registered PF_NETLINK/PF_ROUTE protocol family
Nov 23 02:03:11 acctonNPU01 kernel: [    0.244893] DMA: preallocated 1024 KiB GFP_KERNEL pool for atomic allocations
Nov 23 02:03:11 acctonNPU01 kernel: [    0.244893] DMA: preallocated 1024 KiB GFP_KERNEL|GFP_DMA pool for atomic allocations
Nov 23 02:03:11 acctonNPU01 kernel: [    0.244893] DMA: preallocated 1024 KiB GFP_KERNEL|GFP_DMA32 pool for atomic allocations
Nov 23 02:03:11 acctonNPU01 kernel: [    0.244893] audit: initializing netlink subsys (disabled)
Nov 23 02:03:11 acctonNPU01 kernel: [    0.244893] audit: type=2000 audit(1700704857.088:1): state=initialized audit_enabled=0 res=1
Nov 23 02:03:11 acctonNPU01 kernel: [    0.244893] thermal_sys: Registered thermal governor 'fair_share'
Nov 23 02:03:11 acctonNPU01 kernel: [    0.244893] thermal_sys: Registered thermal governor 'bang_bang'
Nov 23 02:03:11 acctonNPU01 kernel: [    0.244893] thermal_sys: Registered thermal governor 'step_wise'
Nov 23 02:03:11 acctonNPU01 kernel: [    0.244893] thermal_sys: Registered thermal governor 'user_space'
Nov 23 02:03:11 acctonNPU01 kernel: [    0.244893] thermal_sys: Registered thermal governor 'power_allocator'
Nov 23 02:03:11 acctonNPU01 kernel: [    0.244893] EISA bus registered
Nov 23 02:03:11 acctonNPU01 kernel: [    0.244893] cpuidle: using governor ladder
Nov 23 02:03:11 acctonNPU01 kernel: [    0.244893] cpuidle: using governor menu
Nov 23 02:03:11 acctonNPU01 kernel: [    0.247338] ACPI: bus type PCI registered
Nov 23 02:03:11 acctonNPU01 kernel: [    0.247338] acpiphp: ACPI Hot Plug PCI Controller Driver version: 0.5
Nov 23 02:03:11 acctonNPU01 kernel: [    0.247374] PCI: MMCONFIG for domain 0000 [bus 00-ff] at [mem 0x80000000-0x8fffffff] (base 0x80000000)
Nov 23 02:03:11 acctonNPU01 kernel: [    0.247378] PCI: MMCONFIG at [mem 0x80000000-0x8fffffff] reserved in E820
Nov 23 02:03:11 acctonNPU01 kernel: [    0.247393] PCI: Using configuration type 1 for base access
Nov 23 02:03:11 acctonNPU01 kernel: [    0.247931] ENERGY_PERF_BIAS: Set to 'normal', was 'performance'
Nov 23 02:03:11 acctonNPU01 kernel: [    0.249099] Kprobes globally optimized
Nov 23 02:03:11 acctonNPU01 kernel: [    0.277289] HugeTLB registered 1.00 GiB page size, pre-allocated 8 pages
Nov 23 02:03:11 acctonNPU01 kernel: [    0.277292] HugeTLB registered 2.00 MiB page size, pre-allocated 0 pages
Nov 23 02:03:11 acctonNPU01 kernel: [    0.277335] ACPI: Added _OSI(Module Device)
Nov 23 02:03:11 acctonNPU01 kernel: [    0.277335] ACPI: Added _OSI(Processor Device)
Nov 23 02:03:11 acctonNPU01 kernel: [    0.277335] ACPI: Added _OSI(3.0 _SCP Extensions)
Nov 23 02:03:11 acctonNPU01 kernel: [    0.277335] ACPI: Added _OSI(Processor Aggregator Device)
Nov 23 02:03:11 acctonNPU01 kernel: [    0.277335] ACPI: Added _OSI(Linux-Dell-Video)
Nov 23 02:03:11 acctonNPU01 kernel: [    0.277335] ACPI: Added _OSI(Linux-Lenovo-NV-HDMI-Audio)
Nov 23 02:03:11 acctonNPU01 kernel: [    0.277335] ACPI: Added _OSI(Linux-HPI-Hybrid-Graphics)
Nov 23 02:03:11 acctonNPU01 kernel: [    0.351812] ACPI BIOS Error (bug): Failure creating named object [\_SB.PC00.XHCI.RHUB.GPLD], AE_ALREADY_EXISTS (20210730/dswload2-326)
Nov 23 02:03:11 acctonNPU01 kernel: [    0.351820] ACPI Error: AE_ALREADY_EXISTS, During name lookup/catalog (20210730/psobject-220)
Nov 23 02:03:11 acctonNPU01 kernel: [    0.351822] ACPI: Skipping parse of AML opcode: Method (0x0014)
Nov 23 02:03:11 acctonNPU01 kernel: [    0.351825] ACPI BIOS Error (bug): Failure creating named object [\_SB.PC00.XHCI.RHUB.GUPC], AE_ALREADY_EXISTS (20210730/dswload2-326)
Nov 23 02:03:11 acctonNPU01 kernel: [    0.351828] ACPI Error: AE_ALREADY_EXISTS, During name lookup/catalog (20210730/psobject-220)
Nov 23 02:03:11 acctonNPU01 kernel: [    0.351830] ACPI: Skipping parse of AML opcode: Method (0x0014)
Nov 23 02:03:11 acctonNPU01 kernel: [    0.351834] ACPI BIOS Error (bug): Failure creating named object [\_SB.PC00.XHCI.RHUB.HS01._UPC], AE_ALREADY_EXISTS (20210730/dswload2-326)
Nov 23 02:03:11 acctonNPU01 kernel: [    0.351837] ACPI Error: AE_ALREADY_EXISTS, During name lookup/catalog (20210730/psobject-220)
Nov 23 02:03:11 acctonNPU01 kernel: [    0.351838] ACPI: Skipping parse of AML opcode: Method (0x0014)
Nov 23 02:03:11 acctonNPU01 kernel: [    0.351840] ACPI BIOS Error (bug): Failure creating named object [\_SB.PC00.XHCI.RHUB.HS01._PLD], AE_ALREADY_EXISTS (20210730/dswload2-326)
Nov 23 02:03:11 acctonNPU01 kernel: [    0.351843] ACPI Error: AE_ALREADY_EXISTS, During name lookup/catalog (20210730/psobject-220)
Nov 23 02:03:11 acctonNPU01 kernel: [    0.351844] ACPI: Skipping parse of AML opcode: Method (0x0014)
Nov 23 02:03:11 acctonNPU01 kernel: [    0.351848] ACPI BIOS Error (bug): Failure creating named object [\_SB.PC00.XHCI.RHUB.HS02._UPC], AE_ALREADY_EXISTS (20210730/dswload2-326)
Nov 23 02:03:11 acctonNPU01 kernel: [    0.351850] ACPI Error: AE_ALREADY_EXISTS, During name lookup/catalog (20210730/psobject-220)
Nov 23 02:03:11 acctonNPU01 kernel: [    0.351852] ACPI: Skipping parse of AML opcode: Method (0x0014)
Nov 23 02:03:11 acctonNPU01 kernel: [    0.351853] ACPI BIOS Error (bug): Failure creating named object [\_SB.PC00.XHCI.RHUB.HS02._PLD], AE_ALREADY_EXISTS (20210730/dswload2-326)
Nov 23 02:03:11 acctonNPU01 kernel: [    0.351856] ACPI Error: AE_ALREADY_EXISTS, During name lookup/catalog (20210730/psobject-220)
Nov 23 02:03:11 acctonNPU01 kernel: [    0.351858] ACPI: Skipping parse of AML opcode: Method (0x0014)
Nov 23 02:03:11 acctonNPU01 kernel: [    0.351861] ACPI BIOS Error (bug): Failure creating named object [\_SB.PC00.XHCI.RHUB.HS03._UPC], AE_ALREADY_EXISTS (20210730/dswload2-326)
Nov 23 02:03:11 acctonNPU01 kernel: [    0.351864] ACPI Error: AE_ALREADY_EXISTS, During name lookup/catalog (20210730/psobject-220)
Nov 23 02:03:11 acctonNPU01 kernel: [    0.351865] ACPI: Skipping parse of AML opcode: Method (0x0014)
Nov 23 02:03:11 acctonNPU01 kernel: [    0.351867] ACPI BIOS Error (bug): Failure creating named object [\_SB.PC00.XHCI.RHUB.HS03._PLD], AE_ALREADY_EXISTS (20210730/dswload2-326)
Nov 23 02:03:11 acctonNPU01 kernel: [    0.351870] ACPI Error: AE_ALREADY_EXISTS, During name lookup/catalog (20210730/psobject-220)
Nov 23 02:03:11 acctonNPU01 kernel: [    0.351871] ACPI: Skipping parse of AML opcode: Method (0x0014)
Nov 23 02:03:11 acctonNPU01 kernel: [    0.351874] ACPI BIOS Error (bug): Failure creating named object [\_SB.PC00.XHCI.RHUB.HS04._UPC], AE_ALREADY_EXISTS (20210730/dswload2-326)
Nov 23 02:03:11 acctonNPU01 kernel: [    0.351877] ACPI Error: AE_ALREADY_EXISTS, During name lookup/catalog (20210730/psobject-220)
Nov 23 02:03:11 acctonNPU01 kernel: [    0.351878] ACPI: Skipping parse of AML opcode: Method (0x0014)
